Archive member included to satisfy reference by file (symbol)

c:/program files (x86)/atmel/studio/7.0/toolchain/avr8/avr8-gnu-toolchain/bin/../lib/gcc/avr/5.4.0/../../../../avr/lib/avr5\libm.a(addsf3.o)
                              HAL/Sensors.o (__addsf3)
c:/program files (x86)/atmel/studio/7.0/toolchain/avr8/avr8-gnu-toolchain/bin/../lib/gcc/avr/5.4.0/../../../../avr/lib/avr5\libm.a(addsf3x.o)
                              c:/program files (x86)/atmel/studio/7.0/toolchain/avr8/avr8-gnu-toolchain/bin/../lib/gcc/avr/5.4.0/../../../../avr/lib/avr5\libm.a(addsf3.o) (__addsf3x)
c:/program files (x86)/atmel/studio/7.0/toolchain/avr8/avr8-gnu-toolchain/bin/../lib/gcc/avr/5.4.0/../../../../avr/lib/avr5\libm.a(divsf3.o)
                              HAL/Sensors.o (__divsf3)
c:/program files (x86)/atmel/studio/7.0/toolchain/avr8/avr8-gnu-toolchain/bin/../lib/gcc/avr/5.4.0/../../../../avr/lib/avr5\libm.a(divsf3x.o)
                              c:/program files (x86)/atmel/studio/7.0/toolchain/avr8/avr8-gnu-toolchain/bin/../lib/gcc/avr/5.4.0/../../../../avr/lib/avr5\libm.a(divsf3.o) (__divsf3x)
c:/program files (x86)/atmel/studio/7.0/toolchain/avr8/avr8-gnu-toolchain/bin/../lib/gcc/avr/5.4.0/../../../../avr/lib/avr5\libm.a(fixunssfsi.o)
                              HAL/Sensors.o (__fixunssfsi)
c:/program files (x86)/atmel/studio/7.0/toolchain/avr8/avr8-gnu-toolchain/bin/../lib/gcc/avr/5.4.0/../../../../avr/lib/avr5\libm.a(floatsisf.o)
                              HAL/Sensors.o (__floatunsisf)
c:/program files (x86)/atmel/studio/7.0/toolchain/avr8/avr8-gnu-toolchain/bin/../lib/gcc/avr/5.4.0/../../../../avr/lib/avr5\libm.a(fp_inf.o)
                              c:/program files (x86)/atmel/studio/7.0/toolchain/avr8/avr8-gnu-toolchain/bin/../lib/gcc/avr/5.4.0/../../../../avr/lib/avr5\libm.a(addsf3x.o) (__fp_inf)
c:/program files (x86)/atmel/studio/7.0/toolchain/avr8/avr8-gnu-toolchain/bin/../lib/gcc/avr/5.4.0/../../../../avr/lib/avr5\libm.a(fp_nan.o)
                              c:/program files (x86)/atmel/studio/7.0/toolchain/avr8/avr8-gnu-toolchain/bin/../lib/gcc/avr/5.4.0/../../../../avr/lib/avr5\libm.a(addsf3x.o) (__fp_nan)
c:/program files (x86)/atmel/studio/7.0/toolchain/avr8/avr8-gnu-toolchain/bin/../lib/gcc/avr/5.4.0/../../../../avr/lib/avr5\libm.a(fp_pscA.o)
                              c:/program files (x86)/atmel/studio/7.0/toolchain/avr8/avr8-gnu-toolchain/bin/../lib/gcc/avr/5.4.0/../../../../avr/lib/avr5\libm.a(addsf3x.o) (__fp_pscA)
c:/program files (x86)/atmel/studio/7.0/toolchain/avr8/avr8-gnu-toolchain/bin/../lib/gcc/avr/5.4.0/../../../../avr/lib/avr5\libm.a(fp_pscB.o)
                              c:/program files (x86)/atmel/studio/7.0/toolchain/avr8/avr8-gnu-toolchain/bin/../lib/gcc/avr/5.4.0/../../../../avr/lib/avr5\libm.a(addsf3x.o) (__fp_pscB)
c:/program files (x86)/atmel/studio/7.0/toolchain/avr8/avr8-gnu-toolchain/bin/../lib/gcc/avr/5.4.0/../../../../avr/lib/avr5\libm.a(fp_round.o)
                              c:/program files (x86)/atmel/studio/7.0/toolchain/avr8/avr8-gnu-toolchain/bin/../lib/gcc/avr/5.4.0/../../../../avr/lib/avr5\libm.a(addsf3.o) (__fp_round)
c:/program files (x86)/atmel/studio/7.0/toolchain/avr8/avr8-gnu-toolchain/bin/../lib/gcc/avr/5.4.0/../../../../avr/lib/avr5\libm.a(fp_split3.o)
                              c:/program files (x86)/atmel/studio/7.0/toolchain/avr8/avr8-gnu-toolchain/bin/../lib/gcc/avr/5.4.0/../../../../avr/lib/avr5\libm.a(addsf3x.o) (__fp_split3)
c:/program files (x86)/atmel/studio/7.0/toolchain/avr8/avr8-gnu-toolchain/bin/../lib/gcc/avr/5.4.0/../../../../avr/lib/avr5\libm.a(fp_zero.o)
                              c:/program files (x86)/atmel/studio/7.0/toolchain/avr8/avr8-gnu-toolchain/bin/../lib/gcc/avr/5.4.0/../../../../avr/lib/avr5\libm.a(addsf3x.o) (__fp_zero)
c:/program files (x86)/atmel/studio/7.0/toolchain/avr8/avr8-gnu-toolchain/bin/../lib/gcc/avr/5.4.0/../../../../avr/lib/avr5\libm.a(mulsf3.o)
                              HAL/Sensors.o (__mulsf3)
c:/program files (x86)/atmel/studio/7.0/toolchain/avr8/avr8-gnu-toolchain/bin/../lib/gcc/avr/5.4.0/../../../../avr/lib/avr5\libm.a(mulsf3x.o)
                              c:/program files (x86)/atmel/studio/7.0/toolchain/avr8/avr8-gnu-toolchain/bin/../lib/gcc/avr/5.4.0/../../../../avr/lib/avr5\libm.a(mulsf3.o) (__mulsf3x)
c:/program files (x86)/atmel/studio/7.0/toolchain/avr8/avr8-gnu-toolchain/bin/../lib/gcc/avr/5.4.0/avr5\libgcc.a(_mulsi3.o)
                              APP/Calc.o (__mulsi3)
c:/program files (x86)/atmel/studio/7.0/toolchain/avr8/avr8-gnu-toolchain/bin/../lib/gcc/avr/5.4.0/avr5\libgcc.a(_udivmodqi4.o)
                              SEGMENT.o (__udivmodqi4)
c:/program files (x86)/atmel/studio/7.0/toolchain/avr8/avr8-gnu-toolchain/bin/../lib/gcc/avr/5.4.0/avr5\libgcc.a(_udivmodhi4.o)
                              APP/FireSystem.o (__udivmodhi4)
c:/program files (x86)/atmel/studio/7.0/toolchain/avr8/avr8-gnu-toolchain/bin/../lib/gcc/avr/5.4.0/avr5\libgcc.a(_divmodhi4.o)
                              HAL/UltraSonic.o (__divmodhi4)
c:/program files (x86)/atmel/studio/7.0/toolchain/avr8/avr8-gnu-toolchain/bin/../lib/gcc/avr/5.4.0/avr5\libgcc.a(_udivmodsi4.o)
                              SERVICES/Timer_Services.o (__udivmodsi4)
c:/program files (x86)/atmel/studio/7.0/toolchain/avr8/avr8-gnu-toolchain/bin/../lib/gcc/avr/5.4.0/avr5\libgcc.a(_divmodsi4.o)
                              APP/Calc.o (__divmodsi4)
c:/program files (x86)/atmel/studio/7.0/toolchain/avr8/avr8-gnu-toolchain/bin/../lib/gcc/avr/5.4.0/avr5\libgcc.a(_negsi2.o)
                              c:/program files (x86)/atmel/studio/7.0/toolchain/avr8/avr8-gnu-toolchain/bin/../lib/gcc/avr/5.4.0/avr5\libgcc.a(_divmodsi4.o) (__negsi2)
c:/program files (x86)/atmel/studio/7.0/toolchain/avr8/avr8-gnu-toolchain/bin/../lib/gcc/avr/5.4.0/avr5\libgcc.a(_exit.o)
                              C:/Program Files (x86)/Atmel/Studio/7.0/Packs/atmel/ATmega_DFP/1.7.374/gcc/dev/atmega32/avr5/crtatmega32.o (exit)
c:/program files (x86)/atmel/studio/7.0/toolchain/avr8/avr8-gnu-toolchain/bin/../lib/gcc/avr/5.4.0/avr5\libgcc.a(_copy_data.o)
                              APP/Calc.o (__do_copy_data)
c:/program files (x86)/atmel/studio/7.0/toolchain/avr8/avr8-gnu-toolchain/bin/../lib/gcc/avr/5.4.0/avr5\libgcc.a(_clear_bss.o)
                              APP/Calc.o (__do_clear_bss)
c:/program files (x86)/atmel/studio/7.0/toolchain/avr8/avr8-gnu-toolchain/bin/../lib/gcc/avr/5.4.0/avr5\libgcc.a(_umulhisi3.o)
                              MCAL/ADC.o (__umulhisi3)
c:/program files (x86)/atmel/studio/7.0/toolchain/avr8/avr8-gnu-toolchain/bin/../lib/gcc/avr/5.4.0/avr5\libgcc.a(_usmulhisi3.o)
                              HAL/ServoMotor.o (__usmulhisi3)
c:/program files (x86)/atmel/studio/7.0/toolchain/avr8/avr8-gnu-toolchain/bin/../lib/gcc/avr/5.4.0/avr5\libgcc.a(_muluhisi3.o)
                              APP/Calc.o (__muluhisi3)
c:/program files (x86)/atmel/studio/7.0/toolchain/avr8/avr8-gnu-toolchain/bin/../lib/gcc/avr/5.4.0/../../../../avr/lib/avr5\libc.a(memcpy.o)
                              FreeRTOS/queue.o (memcpy)
c:/program files (x86)/atmel/studio/7.0/toolchain/avr8/avr8-gnu-toolchain/bin/../lib/gcc/avr/5.4.0/../../../../avr/lib/avr5\libc.a(memset.o)
                              FreeRTOS/tasks.o (memset)
c:/program files (x86)/atmel/studio/7.0/toolchain/avr8/avr8-gnu-toolchain/bin/../lib/gcc/avr/5.4.0/../../../../avr/lib/avr5\libc.a(strcmp.o)
                              APP/SmartProgram.o (strcmp)
c:/program files (x86)/atmel/studio/7.0/toolchain/avr8/avr8-gnu-toolchain/bin/../lib/gcc/avr/5.4.0/../../../../avr/lib/avr5\libc.a(strncpy.o)
                              FreeRTOS/tasks.o (strncpy)

Allocating common symbols
Common symbol       size              file

k                   0x1               APP/Calc.o
state               0x1               APP/FireSystem.o
key                 0x1               APP/FireSystem.o
Global_pfTimerPointer
                    0x2               SERVICES/Timer_Services.o
TX_str              0x28              SERVICES/UART_Services.o

Discarded input sections

 .data          0x00000000        0x0 C:/Program Files (x86)/Atmel/Studio/7.0/Packs/atmel/ATmega_DFP/1.7.374/gcc/dev/atmega32/avr5/crtatmega32.o
 .bss           0x00000000        0x0 C:/Program Files (x86)/Atmel/Studio/7.0/Packs/atmel/ATmega_DFP/1.7.374/gcc/dev/atmega32/avr5/crtatmega32.o
 .text          0x00000000        0x0 APP/Calc.o
 .data          0x00000000        0x0 APP/Calc.o
 .bss           0x00000000        0x0 APP/Calc.o
 .rodata.str1.1
                0x00000000       0x1c APP/Calc.o
 .text.CALC_Init
                0x00000000       0x1e APP/Calc.o
 .text.result   0x00000000       0x66 APP/Calc.o
 .text.CALC_Runnable
                0x00000000      0x39a APP/Calc.o
 .bss.res       0x00000000        0x4 APP/Calc.o
 .bss.num2      0x00000000        0x4 APP/Calc.o
 .bss.num1      0x00000000        0x4 APP/Calc.o
 .bss.flagSign2
                0x00000000        0x1 APP/Calc.o
 .bss.flagSign1
                0x00000000        0x1 APP/Calc.o
 .bss.flag      0x00000000        0x1 APP/Calc.o
 .data.sign     0x00000000        0x1 APP/Calc.o
 .bss.flagNUM   0x00000000        0x1 APP/Calc.o
 .comment       0x00000000       0x31 APP/Calc.o
 COMMON         0x00000000        0x1 APP/Calc.o
 .text          0x00000000        0x0 APP/Converter.o
 .data          0x00000000        0x0 APP/Converter.o
 .bss           0x00000000        0x0 APP/Converter.o
 .comment       0x00000000       0x31 APP/Converter.o
 .text          0x00000000        0x0 APP/FireSystem.o
 .data          0x00000000        0x0 APP/FireSystem.o
 .bss           0x00000000        0x0 APP/FireSystem.o
 .text.FireSystem_Init
                0x00000000        0x2 APP/FireSystem.o
 .rodata.str1.1
                0x00000000       0x4c APP/FireSystem.o
 .text.FireSystem_Runnable
                0x00000000      0x240 APP/FireSystem.o
 .bss.pass      0x00000000        0x4 APP/FireSystem.o
 .comment       0x00000000       0x31 APP/FireSystem.o
 COMMON         0x00000000        0x2 APP/FireSystem.o
 .text          0x00000000        0x0 APP/MOVE.o
 .data          0x00000000        0x0 APP/MOVE.o
 .bss           0x00000000        0x0 APP/MOVE.o
 .text.MOVE_Init
                0x00000000        0x2 APP/MOVE.o
 .text.MOVE_Forward
                0x00000000       0x18 APP/MOVE.o
 .text.MOVE_Backward
                0x00000000       0x18 APP/MOVE.o
 .text.MOVE_Left
                0x00000000       0x18 APP/MOVE.o
 .text.MOVE_Right
                0x00000000       0x18 APP/MOVE.o
 .text.MOVE_Stop
                0x00000000       0x18 APP/MOVE.o
 .text.MOVE_Runnable
                0x00000000       0x46 APP/MOVE.o
 .comment       0x00000000       0x31 APP/MOVE.o
 .text          0x00000000        0x0 APP/SmartProgram.o
 .data          0x00000000        0x0 APP/SmartProgram.o
 .bss           0x00000000        0x0 APP/SmartProgram.o
 .text.SERVO    0x00000000        0x6 APP/SmartProgram.o
 .rodata.str1.1
                0x00000000       0x30 APP/SmartProgram.o
 .text.LCD      0x00000000       0x2c APP/SmartProgram.o
 .text.RGB      0x00000000        0xc APP/SmartProgram.o
 .text.LEDON    0x00000000       0x3c APP/SmartProgram.o
 .text.Smart_StringToNumber
                0x00000000       0x46 APP/SmartProgram.o
 .text.analyzer
                0x00000000      0x16a APP/SmartProgram.o
 .text.Smart_StringCompare
                0x00000000       0x30 APP/SmartProgram.o
 .comment       0x00000000       0x31 APP/SmartProgram.o
 .text          0x00000000        0x0 FreeRTOS/croutine.o
 .data          0x00000000        0x0 FreeRTOS/croutine.o
 .bss           0x00000000        0x0 FreeRTOS/croutine.o
 .text.xCoRoutineCreate
                0x00000000       0xe4 FreeRTOS/croutine.o
 .text.vCoRoutineAddToDelayedList
                0x00000000       0x84 FreeRTOS/croutine.o
 .text.vCoRoutineSchedule
                0x00000000      0x1da FreeRTOS/croutine.o
 .text.xCoRoutineRemoveFromEventList
                0x00000000       0x4a FreeRTOS/croutine.o
 .bss.xPassedTicks
                0x00000000        0x2 FreeRTOS/croutine.o
 .bss.xLastTickCount
                0x00000000        0x2 FreeRTOS/croutine.o
 .bss.xCoRoutineTickCount
                0x00000000        0x2 FreeRTOS/croutine.o
 .bss.uxTopCoRoutineReadyPriority
                0x00000000        0x1 FreeRTOS/croutine.o
 .bss.pxCurrentCoRoutine
                0x00000000        0x2 FreeRTOS/croutine.o
 .bss.xPendingReadyCoRoutineList
                0x00000000        0x9 FreeRTOS/croutine.o
 .bss.pxOverflowDelayedCoRoutineList
                0x00000000        0x2 FreeRTOS/croutine.o
 .bss.pxDelayedCoRoutineList
                0x00000000        0x2 FreeRTOS/croutine.o
 .bss.xDelayedCoRoutineList2
                0x00000000        0x9 FreeRTOS/croutine.o
 .bss.xDelayedCoRoutineList1
                0x00000000        0x9 FreeRTOS/croutine.o
 .bss.pxReadyCoRoutineLists
                0x00000000       0x12 FreeRTOS/croutine.o
 .comment       0x00000000       0x31 FreeRTOS/croutine.o
 .text          0x00000000        0x0 FreeRTOS/heap_1.o
 .data          0x00000000        0x0 FreeRTOS/heap_1.o
 .bss           0x00000000        0x0 FreeRTOS/heap_1.o
 .text.pvPortMalloc
                0x00000000       0x4c FreeRTOS/heap_1.o
 .text.vPortFree
                0x00000000        0x2 FreeRTOS/heap_1.o
 .text.vPortInitialiseBlocks
                0x00000000        0xa FreeRTOS/heap_1.o
 .text.xPortGetFreeHeapSize
                0x00000000       0x12 FreeRTOS/heap_1.o
 .bss.xNextFreeByte
                0x00000000        0x2 FreeRTOS/heap_1.o
 .bss.xHeap     0x00000000      0x3e8 FreeRTOS/heap_1.o
 .comment       0x00000000       0x31 FreeRTOS/heap_1.o
 .text          0x00000000        0x0 FreeRTOS/list.o
 .data          0x00000000        0x0 FreeRTOS/list.o
 .bss           0x00000000        0x0 FreeRTOS/list.o
 .text.vListInitialise
                0x00000000       0x1c FreeRTOS/list.o
 .text.vListInitialiseItem
                0x00000000        0x8 FreeRTOS/list.o
 .text.vListInsert
                0x00000000       0x6e FreeRTOS/list.o
 .text          0x00000000        0x0 FreeRTOS/port.o
 .data          0x00000000        0x0 FreeRTOS/port.o
 .bss           0x00000000        0x0 FreeRTOS/port.o
 .text.pxPortInitialiseStack
                0x00000000       0xd8 FreeRTOS/port.o
 .text.xPortStartScheduler
                0x00000000       0x6a FreeRTOS/port.o
 .text.vPortEndScheduler
                0x00000000        0x2 FreeRTOS/port.o
 .text.vPortYield
                0x00000000       0xb2 FreeRTOS/port.o
 .text          0x00000000        0x0 FreeRTOS/queue.o
 .data          0x00000000        0x0 FreeRTOS/queue.o
 .bss           0x00000000        0x0 FreeRTOS/queue.o
 .text.prvCopyDataToQueue
                0x00000000       0x80 FreeRTOS/queue.o
 .text.prvCopyDataFromQueue
                0x00000000       0x36 FreeRTOS/queue.o
 .text.prvUnlockQueue
                0x00000000       0x7c FreeRTOS/queue.o
 .text.xQueueCreate
                0x00000000       0x96 FreeRTOS/queue.o
 .text.xQueueCreateCountingSemaphore
                0x00000000       0x16 FreeRTOS/queue.o
 .text.xQueueGenericSend
                0x00000000      0x128 FreeRTOS/queue.o
 .text.xQueueGenericSendFromISR
                0x00000000       0x50 FreeRTOS/queue.o
 .text.xQueueGenericReceive
                0x00000000      0x148 FreeRTOS/queue.o
 .text.xQueueReceiveFromISR
                0x00000000       0x52 FreeRTOS/queue.o
 .text.uxQueueMessagesWaiting
                0x00000000       0x10 FreeRTOS/queue.o
 .text.uxQueueMessagesWaitingFromISR
                0x00000000        0x6 FreeRTOS/queue.o
 .text.vQueueDelete
                0x00000000       0x18 FreeRTOS/queue.o
 .text.xQueueIsQueueEmptyFromISR
                0x00000000        0xc FreeRTOS/queue.o
 .text.xQueueIsQueueFullFromISR
                0x00000000        0xe FreeRTOS/queue.o
 .comment       0x00000000       0x31 FreeRTOS/queue.o
 .text          0x00000000        0x0 FreeRTOS/tasks.o
 .data          0x00000000        0x0 FreeRTOS/tasks.o
 .bss           0x00000000        0x0 FreeRTOS/tasks.o
 .text.prvAddCurrentTaskToDelayedList
                0x00000000       0x70 FreeRTOS/tasks.o
 .text.xTaskGenericCreate
                0x00000000      0x1f8 FreeRTOS/tasks.o
 .text.vTaskDelete
                0x00000000       0x96 FreeRTOS/tasks.o
 .text.xTaskIsTaskSuspended
                0x00000000       0x24 FreeRTOS/tasks.o
 .text.vTaskResume
                0x00000000       0x78 FreeRTOS/tasks.o
 .text.xTaskResumeFromISR
                0x00000000       0x7e FreeRTOS/tasks.o
 .rodata.str1.1
                0x00000000        0x5 FreeRTOS/tasks.o
 .text.vTaskStartScheduler
                0x00000000       0x64 FreeRTOS/tasks.o
 .text.vTaskEndScheduler
                0x00000000        0xa FreeRTOS/tasks.o
 .text.vTaskSuspendAll
                0x00000000        0xc FreeRTOS/tasks.o
 .text.xTaskGetTickCount
                0x00000000       0x14 FreeRTOS/tasks.o
 .text.xTaskGetTickCountFromISR
                0x00000000        0xa FreeRTOS/tasks.o
 .text.uxTaskGetNumberOfTasks
                0x00000000        0x6 FreeRTOS/tasks.o
 .text.xTaskResumeAll
                0x00000000       0xde FreeRTOS/tasks.o
 .text.vTaskDelayUntil
                0x00000000       0x80 FreeRTOS/tasks.o
 .text.vTaskDelay
                0x00000000       0x42 FreeRTOS/tasks.o
 .text.prvIdleTask
                0x00000000       0x5a FreeRTOS/tasks.o
 .text.vTaskSuspend
                0x00000000       0xa8 FreeRTOS/tasks.o
 .text.vTaskPlaceOnEventList
                0x00000000       0x58 FreeRTOS/tasks.o
 .text.xTaskRemoveFromEventList
                0x00000000       0x7a FreeRTOS/tasks.o
 .text.vTaskSetTimeOutState
                0x00000000       0x16 FreeRTOS/tasks.o
 .text.xTaskCheckForTimeOut
                0x00000000       0x6c FreeRTOS/tasks.o
 .text.vTaskMissedYield
                0x00000000        0x8 FreeRTOS/tasks.o
 .bss.uxTaskNumber
                0x00000000        0x1 FreeRTOS/tasks.o
 .bss.xSchedulerRunning
                0x00000000        0x1 FreeRTOS/tasks.o
 .bss.uxTopUsedPriority
                0x00000000        0x1 FreeRTOS/tasks.o
 .bss.uxCurrentNumberOfTasks
                0x00000000        0x1 FreeRTOS/tasks.o
 .bss.xSuspendedTaskList
                0x00000000        0x9 FreeRTOS/tasks.o
 .bss.uxTasksDeleted
                0x00000000        0x1 FreeRTOS/tasks.o
 .bss.xTasksWaitingTermination
                0x00000000        0x9 FreeRTOS/tasks.o
 .bss.xPendingReadyList
                0x00000000        0x9 FreeRTOS/tasks.o
 .bss.xDelayedTaskList2
                0x00000000        0x9 FreeRTOS/tasks.o
 .bss.xDelayedTaskList1
                0x00000000        0x9 FreeRTOS/tasks.o
 .text          0x00000000        0x0 FreeRTOS/timers.o
 .data          0x00000000        0x0 FreeRTOS/timers.o
 .bss           0x00000000        0x0 FreeRTOS/timers.o
 .comment       0x00000000       0x31 FreeRTOS/timers.o
 .text          0x00000000        0x0 HAL/KeyPad.o
 .data          0x00000000        0x0 HAL/KeyPad.o
 .bss           0x00000000        0x0 HAL/KeyPad.o
 .text.KEYPAD_GetKey
                0x00000000       0x78 HAL/KeyPad.o
 .text.KEYPAD_Init
                0x00000000       0x20 HAL/KeyPad.o
 .comment       0x00000000       0x31 HAL/KeyPad.o
 .text          0x00000000        0x0 HAL/LCD.o
 .data          0x00000000        0x0 HAL/LCD.o
 .bss           0x00000000        0x0 HAL/LCD.o
 .text.LCD_Clear
                0x00000000        0x6 HAL/LCD.o
 .text.LCD_WriteChar
                0x00000000        0x4 HAL/LCD.o
 .text.LCD_WriteBinary
                0x00000000       0x48 HAL/LCD.o
 .text.LCD_WriteHex
                0x00000000       0x94 HAL/LCD.o
 .text.LCD_WriteNumber_4D
                0x00000000       0x72 HAL/LCD.o
 .text.LCD_createPattern
                0x00000000       0x38 HAL/LCD.o
 .text.LCD_SetCursorClear
                0x00000000       0x32 HAL/LCD.o
 .text.LCD_SetCursorWriteString
                0x00000000       0x14 HAL/LCD.o
 .text          0x00000000        0x0 HAL/MOTOR.o
 .data          0x00000000        0x0 HAL/MOTOR.o
 .bss           0x00000000        0x0 HAL/MOTOR.o
 .text.MOTOR_CW
                0x00000000       0x24 HAL/MOTOR.o
 .text.MOTOR_CCW
                0x00000000       0x24 HAL/MOTOR.o
 .text.MOTOR_Stop
                0x00000000       0x24 HAL/MOTOR.o
 .comment       0x00000000       0x31 HAL/MOTOR.o
 .text          0x00000000        0x0 HAL/MOTOR_cfg.o
 .data          0x00000000        0x0 HAL/MOTOR_cfg.o
 .bss           0x00000000        0x0 HAL/MOTOR_cfg.o
 .data.MotorPinsArray
                0x00000000        0x2 HAL/MOTOR_cfg.o
 .comment       0x00000000       0x31 HAL/MOTOR_cfg.o
 .text          0x00000000        0x0 HAL/RGB.o
 .data          0x00000000        0x0 HAL/RGB.o
 .bss           0x00000000        0x0 HAL/RGB.o
 .text.RGB_Init
                0x00000000       0x2c HAL/RGB.o
 .text.RGB_color
                0x00000000      0x118 HAL/RGB.o
 .text.RGB_Flashing
                0x00000000       0x2a HAL/RGB.o
 .data.col2.1748
                0x00000000        0x1 HAL/RGB.o
 .bss.col1.1747
                0x00000000        0x1 HAL/RGB.o
 .data.RGB_ColorArr
                0x00000000       0x2d HAL/RGB.o
 .comment       0x00000000       0x31 HAL/RGB.o
 .text          0x00000000        0x0 HAL/Sensors.o
 .data          0x00000000        0x0 HAL/Sensors.o
 .bss           0x00000000        0x0 HAL/Sensors.o
 .text.Temp_Read
                0x00000000        0x6 HAL/Sensors.o
 .text.Smoke_Read
                0x00000000       0x48 HAL/Sensors.o
 .comment       0x00000000       0x31 HAL/Sensors.o
 .text          0x00000000        0x0 HAL/ServoMotor.o
 .data          0x00000000        0x0 HAL/ServoMotor.o
 .bss           0x00000000        0x0 HAL/ServoMotor.o
 .text.servo_Init
                0x00000000        0xa HAL/ServoMotor.o
 .text.servo_Angle
                0x00000000       0x5a HAL/ServoMotor.o
 .comment       0x00000000       0x31 HAL/ServoMotor.o
 .text          0x00000000        0x0 HAL/UltraSonic.o
 .data          0x00000000        0x0 HAL/UltraSonic.o
 .bss           0x00000000        0x0 HAL/UltraSonic.o
 .text          0x00000000        0x0 LCDPRJ.o
 .data          0x00000000        0x0 LCDPRJ.o
 .bss           0x00000000        0x0 LCDPRJ.o
 .comment       0x00000000       0x31 LCDPRJ.o
 .text          0x00000000        0x0 LEC1.o
 .data          0x00000000        0x0 LEC1.o
 .bss           0x00000000        0x0 LEC1.o
 .comment       0x00000000       0x31 LEC1.o
 .text          0x00000000        0x0 main.o
 .data          0x00000000        0x0 main.o
 .bss           0x00000000        0x0 main.o
 .text          0x00000000        0x0 MCAL/ADC.o
 .data          0x00000000        0x0 MCAL/ADC.o
 .bss           0x00000000        0x0 MCAL/ADC.o
 .text.ADC_Init
                0x00000000       0x2c MCAL/ADC.o
 .text.ADC_Read
                0x00000000       0x1a MCAL/ADC.o
 .text.ADC_StartConversion
                0x00000000       0x20 MCAL/ADC.o
 .text.ADC_GetRead
                0x00000000        0xe MCAL/ADC.o
 .text.ADC_GetReadPeriodic
                0x00000000       0x1a MCAL/ADC.o
 .text.ADC_ReadVolt
                0x00000000       0x22 MCAL/ADC.o
 .text.ADC_ReadNoBlock
                0x00000000        0x6 MCAL/ADC.o
 .bss.ADC_Flag  0x00000000        0x1 MCAL/ADC.o
 .comment       0x00000000       0x31 MCAL/ADC.o
 .text          0x00000000        0x0 MCAL/DIO.o
 .data          0x00000000        0x0 MCAL/DIO.o
 .bss           0x00000000        0x0 MCAL/DIO.o
 .text.DIO_ReadPin
                0x00000000       0x38 MCAL/DIO.o
 .text.DIO_TogglePin
                0x00000000       0x56 MCAL/DIO.o
 .text.DIO_WritePort
                0x00000000       0x20 MCAL/DIO.o
 .text.DIO_ReadPort
                0x00000000       0x20 MCAL/DIO.o
 .text          0x00000000        0x0 MCAL/DIO_cfg.o
 .data          0x00000000        0x0 MCAL/DIO_cfg.o
 .bss           0x00000000        0x0 MCAL/DIO_cfg.o
 .text          0x00000000        0x0 MCAL/EEPROM.o
 .data          0x00000000        0x0 MCAL/EEPROM.o
 .bss           0x00000000        0x0 MCAL/EEPROM.o
 .text.EEPROM_writeByte
                0x00000000       0x12 MCAL/EEPROM.o
 .text.EEPROM_writeString
                0x00000000       0x2a MCAL/EEPROM.o
 .text.EEPROM_readByte
                0x00000000       0x10 MCAL/EEPROM.o
 .text.EEPROM_readString
                0x00000000       0x2a MCAL/EEPROM.o
 .comment       0x00000000       0x31 MCAL/EEPROM.o
 .text          0x00000000        0x0 MCAL/EX_Interrupt.o
 .data          0x00000000        0x0 MCAL/EX_Interrupt.o
 .bss           0x00000000        0x0 MCAL/EX_Interrupt.o
 .text.EXI_SetCallBack
                0x00000000       0x2a MCAL/EX_Interrupt.o
 .text.EXI_TriggerEdge
                0x00000000       0x8e MCAL/EX_Interrupt.o
 .text.EXI_Enable
                0x00000000       0x20 MCAL/EX_Interrupt.o
 .text.EXI_Disable
                0x00000000       0x20 MCAL/EX_Interrupt.o
 .text          0x00000000        0x0 MCAL/IIC.o
 .data          0x00000000        0x0 MCAL/IIC.o
 .bss           0x00000000        0x0 MCAL/IIC.o
 .text.I2C_Init
                0x00000000       0x16 MCAL/IIC.o
 .text.TWIStart
                0x00000000        0xc MCAL/IIC.o
 .text.TWIStop  0x00000000        0x6 MCAL/IIC.o
 .text.TWIWrite
                0x00000000        0xe MCAL/IIC.o
 .text.TWIReadACK
                0x00000000        0xe MCAL/IIC.o
 .text.TWIReadNACK
                0x00000000        0xe MCAL/IIC.o
 .text.TWIGetStatus
                0x00000000        0x6 MCAL/IIC.o
 .text.I2C_SendByte
                0x00000000       0x38 MCAL/IIC.o
 .text.I2C_SendString
                0x00000000       0x58 MCAL/IIC.o
 .comment       0x00000000       0x31 MCAL/IIC.o
 .text          0x00000000        0x0 MCAL/SPI.o
 .data          0x00000000        0x0 MCAL/SPI.o
 .bss           0x00000000        0x0 MCAL/SPI.o
 .text.SPI_Init
                0x00000000       0x12 MCAL/SPI.o
 .text.SPI_SendReceive
                0x00000000        0xa MCAL/SPI.o
 .text.SPI_Send
                0x00000000        0x4 MCAL/SPI.o
 .text.SPI_ReceivePeriodic
                0x00000000       0x16 MCAL/SPI.o
 .text.SPI_Receive
                0x00000000        0x4 MCAL/SPI.o
 .comment       0x00000000       0x31 MCAL/SPI.o
 .text          0x00000000        0x0 MCAL/Timer.o
 .data          0x00000000        0x0 MCAL/Timer.o
 .bss           0x00000000        0x0 MCAL/Timer.o
 .text.TIMER0_Init
                0x00000000       0x40 MCAL/Timer.o
 .text.TIMER0_OC0Mode
                0x00000000       0x36 MCAL/Timer.o
 .text.TIMER0_OC_InterruptEnable
                0x00000000        0x8 MCAL/Timer.o
 .text.TIMER0_OC_InterruptDisable
                0x00000000        0x8 MCAL/Timer.o
 .text.TIMER0_OV_InterruptEnable
                0x00000000        0x8 MCAL/Timer.o
 .text.TIMER0_OV_InterruptDisable
                0x00000000        0x8 MCAL/Timer.o
 .text.TIMER0_OV_SetCallBack
                0x00000000        0xa MCAL/Timer.o
 .text.Timer1_Stop
                0x00000000        0x8 MCAL/Timer.o
 .text.Timer1_OCRA1Mode
                0x00000000       0x36 MCAL/Timer.o
 .text.Timer1_OCRB1Mode
                0x00000000       0x36 MCAL/Timer.o
 .text.Timer1_ICU_InterruptDisable
                0x00000000        0x8 MCAL/Timer.o
 .text.Timer1_OVF_InterruptEnable
                0x00000000        0x8 MCAL/Timer.o
 .text.Timer1_OVF_InterruptDisable
                0x00000000        0x8 MCAL/Timer.o
 .text.Timer1_OCA_InterruptEnable
                0x00000000        0x8 MCAL/Timer.o
 .text.Timer1_OCA_InterruptDisable
                0x00000000        0x8 MCAL/Timer.o
 .text.Timer1_OCB_InterruptEnable
                0x00000000        0x8 MCAL/Timer.o
 .text.Timer1_OCB_InterruptDisable
                0x00000000        0x8 MCAL/Timer.o
 .text.Timer1_OVF_SetCallBack
                0x00000000        0xa MCAL/Timer.o
 .text.Timer1_OCA_SetCallBack
                0x00000000        0xa MCAL/Timer.o
 .text.Timer1_OCB_SetCallBack
                0x00000000        0xa MCAL/Timer.o
 .text.TIMER1_OCA_vect
                0x00000000       0x52 MCAL/Timer.o
 .bss.Timer1_OCA_Fptr
                0x00000000        0x2 MCAL/Timer.o
 .text          0x00000000        0x0 MCAL/UART.o
 .data          0x00000000        0x0 MCAL/UART.o
 .bss           0x00000000        0x0 MCAL/UART.o
 .text.UART_Init
                0x00000000        0xc MCAL/UART.o
 .text.UART_Send
                0x00000000        0x8 MCAL/UART.o
 .text.UART_Receive
                0x00000000        0x8 MCAL/UART.o
 .text.UART_ReceivePeriodic
                0x00000000       0x16 MCAL/UART.o
 .text.UART_SendNoBlock
                0x00000000        0x4 MCAL/UART.o
 .text.UART_ReceiveNoBlock
                0x00000000        0x4 MCAL/UART.o
 .text.UART_TX_SetCallBack
                0x00000000        0xa MCAL/UART.o
 .text.UART_RX_SetCallBack
                0x00000000        0xa MCAL/UART.o
 .text.UART_TX_InterruptEnable
                0x00000000        0x4 MCAL/UART.o
 .text.UART_RX_InterruptEnable
                0x00000000        0x4 MCAL/UART.o
 .text.UART_TX_InterruptDISABLE
                0x00000000        0x4 MCAL/UART.o
 .text.UART_RX_InterruptDISABLE
                0x00000000        0x4 MCAL/UART.o
 .text          0x00000000        0x0 MOTORPROJS.o
 .data          0x00000000        0x0 MOTORPROJS.o
 .bss           0x00000000        0x0 MOTORPROJS.o
 .comment       0x00000000       0x31 MOTORPROJS.o
 .text          0x00000000        0x0 RTOS/Kernel.o
 .data          0x00000000        0x0 RTOS/Kernel.o
 .bss           0x00000000        0x0 RTOS/Kernel.o
 .text.RTOS_voidScheduler
                0x00000000       0x7c RTOS/Kernel.o
 .text.RTOS_voidStart
                0x00000000       0x10 RTOS/Kernel.o
 .text.RTOS_voidCreateTask
                0x00000000       0x3c RTOS/Kernel.o
 .text.RTOS_voidSuspendTask
                0x00000000       0x12 RTOS/Kernel.o
 .text.RTOS_voidResumeTask
                0x00000000       0x14 RTOS/Kernel.o
 .text.RTOS_voidDeleteTask
                0x00000000       0x14 RTOS/Kernel.o
 .bss.Local_u16SystickCounter.2017
                0x00000000        0x4 RTOS/Kernel.o
 .bss.SystemTasks
                0x00000000       0x1b RTOS/Kernel.o
 .comment       0x00000000       0x31 RTOS/Kernel.o
 .text          0x00000000        0x0 SEGMENT.o
 .data          0x00000000        0x0 SEGMENT.o
 .bss           0x00000000        0x0 SEGMENT.o
 .rodata        0x00000000        0xa SEGMENT.o
 .text.segment_print
                0x00000000       0x56 SEGMENT.o
 .text.segment_print_mlx
                0x00000000       0x82 SEGMENT.o
 .comment       0x00000000       0x31 SEGMENT.o
 .text          0x00000000        0x0 SERVICES/TempF.o
 .data          0x00000000        0x0 SERVICES/TempF.o
 .bss           0x00000000        0x0 SERVICES/TempF.o
 .text.TempF_Init
                0x00000000       0x1e SERVICES/TempF.o
 .text.TempF_Runnable
                0x00000000       0x5e SERVICES/TempF.o
 .text.TempF_GetRead
                0x00000000        0xa SERVICES/TempF.o
 .bss.i         0x00000000        0x1 SERVICES/TempF.o
 .bss.arr       0x00000000       0x14 SERVICES/TempF.o
 .bss.TEMPF     0x00000000        0x2 SERVICES/TempF.o
 .comment       0x00000000       0x31 SERVICES/TempF.o
 .text          0x00000000        0x0 SERVICES/Timer_Services.o
 .data          0x00000000        0x0 SERVICES/Timer_Services.o
 .bss           0x00000000        0x0 SERVICES/Timer_Services.o
 .text.Timer_Func
                0x00000000       0x5c SERVICES/Timer_Services.o
 .text.Func_ICU
                0x00000000       0xce SERVICES/Timer_Services.o
 .text.PWM_Init
                0x00000000        0x8 SERVICES/Timer_Services.o
 .text.PWM_Freq_KHZ
                0x00000000       0x24 SERVICES/Timer_Services.o
 .text.PWM_Freq_HZ
                0x00000000       0x2c SERVICES/Timer_Services.o
 .text.PWM_Duty
                0x00000000       0x2e SERVICES/Timer_Services.o
 .text.Timer1_SetInterruptTime_ms
                0x00000000       0x44 SERVICES/Timer_Services.o
 .text.Timer1_SetInterruptTime_us
                0x00000000       0x2c SERVICES/Timer_Services.o
 .text.Timer1_SetInterruptTime_s
                0x00000000       0x54 SERVICES/Timer_Services.o
 .text.PWM_Measure
                0x00000000       0xa4 SERVICES/Timer_Services.o
 .text.PWM_Measure2
                0x00000000      0x100 SERVICES/Timer_Services.o
 .bss.counter.1815
                0x00000000        0x4 SERVICES/Timer_Services.o
 .bss.flag      0x00000000        0x4 SERVICES/Timer_Services.o
 .bss.t3        0x00000000        0x4 SERVICES/Timer_Services.o
 .bss.t2        0x00000000        0x4 SERVICES/Timer_Services.o
 .bss.t1        0x00000000        0x4 SERVICES/Timer_Services.o
 .bss.NoOfOverFlow
                0x00000000        0x4 SERVICES/Timer_Services.o
 .comment       0x00000000       0x31 SERVICES/Timer_Services.o
 COMMON         0x00000000        0x2 SERVICES/Timer_Services.o
 .text          0x00000000        0x0 SERVICES/UART_Services.o
 .data          0x00000000        0x0 SERVICES/UART_Services.o
 .bss           0x00000000        0x0 SERVICES/UART_Services.o
 .text.FUNC_TX2
                0x00000000        0x8 SERVICES/UART_Services.o
 .text.FUNC_TX  0x00000000       0x50 SERVICES/UART_Services.o
 .text.FUNC_RX  0x00000000       0x60 SERVICES/UART_Services.o
 .text.UART_SendString
                0x00000000       0x26 SERVICES/UART_Services.o
 .text.UART_ReceiveString
                0x00000000       0x42 SERVICES/UART_Services.o
 .text.UART_SendNumber
                0x00000000       0x2a SERVICES/UART_Services.o
 .text.UART_SendNumber2
                0x00000000       0x3a SERVICES/UART_Services.o
 .text.UART_ReceiveNumber
                0x00000000       0x5a SERVICES/UART_Services.o
 .text.UART_ReceiveNumber2
                0x00000000       0x3a SERVICES/UART_Services.o
 .text.UART_SendStringCheckSum
                0x00000000       0x64 SERVICES/UART_Services.o
 .text.UART_ReceiveStringCheckSum
                0x00000000       0x6a SERVICES/UART_Services.o
 .text.UART_SendStringAsynch
                0x00000000       0x40 SERVICES/UART_Services.o
 .text.UART_ReceiveStringAsynch
                0x00000000       0x32 SERVICES/UART_Services.o
 .text.UART_BCM_Init
                0x00000000        0xc SERVICES/UART_Services.o
 .text.UART_BCM_Runnable
                0x00000000       0x2c SERVICES/UART_Services.o
 .bss.i.1720    0x00000000        0x1 SERVICES/UART_Services.o
 .bss.i.1711    0x00000000        0x1 SERVICES/UART_Services.o
 .bss.k.1712    0x00000000        0x1 SERVICES/UART_Services.o
 .bss.i.1707    0x00000000        0x1 SERVICES/UART_Services.o
 .data.j.1701   0x00000000        0x1 SERVICES/UART_Services.o
 .bss.i.1702    0x00000000        0x1 SERVICES/UART_Services.o
 .bss.i.1697    0x00000000        0x1 SERVICES/UART_Services.o
 .bss.flag      0x00000000        0x1 SERVICES/UART_Services.o
 .bss.RX_str    0x00000000       0x28 SERVICES/UART_Services.o
 .bss.UART_FLAG
                0x00000000        0x1 SERVICES/UART_Services.o
 .comment       0x00000000       0x31 SERVICES/UART_Services.o
 COMMON         0x00000000       0x28 SERVICES/UART_Services.o
 .text          0x00000000        0x0 StopWatchPROJ.o
 .data          0x00000000        0x0 StopWatchPROJ.o
 .bss           0x00000000        0x0 StopWatchPROJ.o
 .comment       0x00000000       0x31 StopWatchPROJ.o
 .text          0x00000000        0x0 c:/program files (x86)/atmel/studio/7.0/toolchain/avr8/avr8-gnu-toolchain/bin/../lib/gcc/avr/5.4.0/../../../../avr/lib/avr5\libm.a(addsf3.o)
 .data          0x00000000        0x0 c:/program files (x86)/atmel/studio/7.0/toolchain/avr8/avr8-gnu-toolchain/bin/../lib/gcc/avr/5.4.0/../../../../avr/lib/avr5\libm.a(addsf3.o)
 .bss           0x00000000        0x0 c:/program files (x86)/atmel/studio/7.0/toolchain/avr8/avr8-gnu-toolchain/bin/../lib/gcc/avr/5.4.0/../../../../avr/lib/avr5\libm.a(addsf3.o)
 .text.avr-libc.fplib
                0x00000000        0xe c:/program files (x86)/atmel/studio/7.0/toolchain/avr8/avr8-gnu-toolchain/bin/../lib/gcc/avr/5.4.0/../../../../avr/lib/avr5\libm.a(addsf3.o)
 .text          0x00000000        0x0 c:/program files (x86)/atmel/studio/7.0/toolchain/avr8/avr8-gnu-toolchain/bin/../lib/gcc/avr/5.4.0/../../../../avr/lib/avr5\libm.a(addsf3x.o)
 .data          0x00000000        0x0 c:/program files (x86)/atmel/studio/7.0/toolchain/avr8/avr8-gnu-toolchain/bin/../lib/gcc/avr/5.4.0/../../../../avr/lib/avr5\libm.a(addsf3x.o)
 .bss           0x00000000        0x0 c:/program files (x86)/atmel/studio/7.0/toolchain/avr8/avr8-gnu-toolchain/bin/../lib/gcc/avr/5.4.0/../../../../avr/lib/avr5\libm.a(addsf3x.o)
 .text.avr-libc.fplib
                0x00000000       0xcc c:/program files (x86)/atmel/studio/7.0/toolchain/avr8/avr8-gnu-toolchain/bin/../lib/gcc/avr/5.4.0/../../../../avr/lib/avr5\libm.a(addsf3x.o)
 .text          0x00000000        0x0 c:/program files (x86)/atmel/studio/7.0/toolchain/avr8/avr8-gnu-toolchain/bin/../lib/gcc/avr/5.4.0/../../../../avr/lib/avr5\libm.a(divsf3.o)
 .data          0x00000000        0x0 c:/program files (x86)/atmel/studio/7.0/toolchain/avr8/avr8-gnu-toolchain/bin/../lib/gcc/avr/5.4.0/../../../../avr/lib/avr5\libm.a(divsf3.o)
 .bss           0x00000000        0x0 c:/program files (x86)/atmel/studio/7.0/toolchain/avr8/avr8-gnu-toolchain/bin/../lib/gcc/avr/5.4.0/../../../../avr/lib/avr5\libm.a(divsf3.o)
 .text.avr-libc.fplib
                0x00000000        0x8 c:/program files (x86)/atmel/studio/7.0/toolchain/avr8/avr8-gnu-toolchain/bin/../lib/gcc/avr/5.4.0/../../../../avr/lib/avr5\libm.a(divsf3.o)
 .text          0x00000000        0x0 c:/program files (x86)/atmel/studio/7.0/toolchain/avr8/avr8-gnu-toolchain/bin/../lib/gcc/avr/5.4.0/../../../../avr/lib/avr5\libm.a(divsf3x.o)
 .data          0x00000000        0x0 c:/program files (x86)/atmel/studio/7.0/toolchain/avr8/avr8-gnu-toolchain/bin/../lib/gcc/avr/5.4.0/../../../../avr/lib/avr5\libm.a(divsf3x.o)
 .bss           0x00000000        0x0 c:/program files (x86)/atmel/studio/7.0/toolchain/avr8/avr8-gnu-toolchain/bin/../lib/gcc/avr/5.4.0/../../../../avr/lib/avr5\libm.a(divsf3x.o)
 .text.avr-libc.fplib
                0x00000000       0xdc c:/program files (x86)/atmel/studio/7.0/toolchain/avr8/avr8-gnu-toolchain/bin/../lib/gcc/avr/5.4.0/../../../../avr/lib/avr5\libm.a(divsf3x.o)
 .text          0x00000000        0x0 c:/program files (x86)/atmel/studio/7.0/toolchain/avr8/avr8-gnu-toolchain/bin/../lib/gcc/avr/5.4.0/../../../../avr/lib/avr5\libm.a(fixunssfsi.o)
 .data          0x00000000        0x0 c:/program files (x86)/atmel/studio/7.0/toolchain/avr8/avr8-gnu-toolchain/bin/../lib/gcc/avr/5.4.0/../../../../avr/lib/avr5\libm.a(fixunssfsi.o)
 .bss           0x00000000        0x0 c:/program files (x86)/atmel/studio/7.0/toolchain/avr8/avr8-gnu-toolchain/bin/../lib/gcc/avr/5.4.0/../../../../avr/lib/avr5\libm.a(fixunssfsi.o)
 .text.avr-libc.fplib
                0x00000000       0x5e c:/program files (x86)/atmel/studio/7.0/toolchain/avr8/avr8-gnu-toolchain/bin/../lib/gcc/avr/5.4.0/../../../../avr/lib/avr5\libm.a(fixunssfsi.o)
 .text          0x00000000        0x0 c:/program files (x86)/atmel/studio/7.0/toolchain/avr8/avr8-gnu-toolchain/bin/../lib/gcc/avr/5.4.0/../../../../avr/lib/avr5\libm.a(floatsisf.o)
 .data          0x00000000        0x0 c:/program files (x86)/atmel/studio/7.0/toolchain/avr8/avr8-gnu-toolchain/bin/../lib/gcc/avr/5.4.0/../../../../avr/lib/avr5\libm.a(floatsisf.o)
 .bss           0x00000000        0x0 c:/program files (x86)/atmel/studio/7.0/toolchain/avr8/avr8-gnu-toolchain/bin/../lib/gcc/avr/5.4.0/../../../../avr/lib/avr5\libm.a(floatsisf.o)
 .text.avr-libc.fplib
                0x00000000       0x7a c:/program files (x86)/atmel/studio/7.0/toolchain/avr8/avr8-gnu-toolchain/bin/../lib/gcc/avr/5.4.0/../../../../avr/lib/avr5\libm.a(floatsisf.o)
 .text          0x00000000        0x0 c:/program files (x86)/atmel/studio/7.0/toolchain/avr8/avr8-gnu-toolchain/bin/../lib/gcc/avr/5.4.0/../../../../avr/lib/avr5\libm.a(fp_inf.o)
 .data          0x00000000        0x0 c:/program files (x86)/atmel/studio/7.0/toolchain/avr8/avr8-gnu-toolchain/bin/../lib/gcc/avr/5.4.0/../../../../avr/lib/avr5\libm.a(fp_inf.o)
 .bss           0x00000000        0x0 c:/program files (x86)/atmel/studio/7.0/toolchain/avr8/avr8-gnu-toolchain/bin/../lib/gcc/avr/5.4.0/../../../../avr/lib/avr5\libm.a(fp_inf.o)
 .text.avr-libc.fplib
                0x00000000        0xc c:/program files (x86)/atmel/studio/7.0/toolchain/avr8/avr8-gnu-toolchain/bin/../lib/gcc/avr/5.4.0/../../../../avr/lib/avr5\libm.a(fp_inf.o)
 .text          0x00000000        0x0 c:/program files (x86)/atmel/studio/7.0/toolchain/avr8/avr8-gnu-toolchain/bin/../lib/gcc/avr/5.4.0/../../../../avr/lib/avr5\libm.a(fp_nan.o)
 .data          0x00000000        0x0 c:/program files (x86)/atmel/studio/7.0/toolchain/avr8/avr8-gnu-toolchain/bin/../lib/gcc/avr/5.4.0/../../../../avr/lib/avr5\libm.a(fp_nan.o)
 .bss           0x00000000        0x0 c:/program files (x86)/atmel/studio/7.0/toolchain/avr8/avr8-gnu-toolchain/bin/../lib/gcc/avr/5.4.0/../../../../avr/lib/avr5\libm.a(fp_nan.o)
 .text.avr-libc.fplib
                0x00000000        0x6 c:/program files (x86)/atmel/studio/7.0/toolchain/avr8/avr8-gnu-toolchain/bin/../lib/gcc/avr/5.4.0/../../../../avr/lib/avr5\libm.a(fp_nan.o)
 .text          0x00000000        0x0 c:/program files (x86)/atmel/studio/7.0/toolchain/avr8/avr8-gnu-toolchain/bin/../lib/gcc/avr/5.4.0/../../../../avr/lib/avr5\libm.a(fp_pscA.o)
 .data          0x00000000        0x0 c:/program files (x86)/atmel/studio/7.0/toolchain/avr8/avr8-gnu-toolchain/bin/../lib/gcc/avr/5.4.0/../../../../avr/lib/avr5\libm.a(fp_pscA.o)
 .bss           0x00000000        0x0 c:/program files (x86)/atmel/studio/7.0/toolchain/avr8/avr8-gnu-toolchain/bin/../lib/gcc/avr/5.4.0/../../../../avr/lib/avr5\libm.a(fp_pscA.o)
 .text.avr-libc.fplib
                0x00000000        0xe c:/program files (x86)/atmel/studio/7.0/toolchain/avr8/avr8-gnu-toolchain/bin/../lib/gcc/avr/5.4.0/../../../../avr/lib/avr5\libm.a(fp_pscA.o)
 .text          0x00000000        0x0 c:/program files (x86)/atmel/studio/7.0/toolchain/avr8/avr8-gnu-toolchain/bin/../lib/gcc/avr/5.4.0/../../../../avr/lib/avr5\libm.a(fp_pscB.o)
 .data          0x00000000        0x0 c:/program files (x86)/atmel/studio/7.0/toolchain/avr8/avr8-gnu-toolchain/bin/../lib/gcc/avr/5.4.0/../../../../avr/lib/avr5\libm.a(fp_pscB.o)
 .bss           0x00000000        0x0 c:/program files (x86)/atmel/studio/7.0/toolchain/avr8/avr8-gnu-toolchain/bin/../lib/gcc/avr/5.4.0/../../../../avr/lib/avr5\libm.a(fp_pscB.o)
 .text.avr-libc.fplib
                0x00000000        0xe c:/program files (x86)/atmel/studio/7.0/toolchain/avr8/avr8-gnu-toolchain/bin/../lib/gcc/avr/5.4.0/../../../../avr/lib/avr5\libm.a(fp_pscB.o)
 .text          0x00000000        0x0 c:/program files (x86)/atmel/studio/7.0/toolchain/avr8/avr8-gnu-toolchain/bin/../lib/gcc/avr/5.4.0/../../../../avr/lib/avr5\libm.a(fp_round.o)
 .data          0x00000000        0x0 c:/program files (x86)/atmel/studio/7.0/toolchain/avr8/avr8-gnu-toolchain/bin/../lib/gcc/avr/5.4.0/../../../../avr/lib/avr5\libm.a(fp_round.o)
 .bss           0x00000000        0x0 c:/program files (x86)/atmel/studio/7.0/toolchain/avr8/avr8-gnu-toolchain/bin/../lib/gcc/avr/5.4.0/../../../../avr/lib/avr5\libm.a(fp_round.o)
 .text.avr-libc.fplib
                0x00000000       0x22 c:/program files (x86)/atmel/studio/7.0/toolchain/avr8/avr8-gnu-toolchain/bin/../lib/gcc/avr/5.4.0/../../../../avr/lib/avr5\libm.a(fp_round.o)
 .text          0x00000000        0x0 c:/program files (x86)/atmel/studio/7.0/toolchain/avr8/avr8-gnu-toolchain/bin/../lib/gcc/avr/5.4.0/../../../../avr/lib/avr5\libm.a(fp_split3.o)
 .data          0x00000000        0x0 c:/program files (x86)/atmel/studio/7.0/toolchain/avr8/avr8-gnu-toolchain/bin/../lib/gcc/avr/5.4.0/../../../../avr/lib/avr5\libm.a(fp_split3.o)
 .bss           0x00000000        0x0 c:/program files (x86)/atmel/studio/7.0/toolchain/avr8/avr8-gnu-toolchain/bin/../lib/gcc/avr/5.4.0/../../../../avr/lib/avr5\libm.a(fp_split3.o)
 .text.avr-libc.fplib
                0x00000000       0x44 c:/program files (x86)/atmel/studio/7.0/toolchain/avr8/avr8-gnu-toolchain/bin/../lib/gcc/avr/5.4.0/../../../../avr/lib/avr5\libm.a(fp_split3.o)
 .text          0x00000000        0x0 c:/program files (x86)/atmel/studio/7.0/toolchain/avr8/avr8-gnu-toolchain/bin/../lib/gcc/avr/5.4.0/../../../../avr/lib/avr5\libm.a(fp_zero.o)
 .data          0x00000000        0x0 c:/program files (x86)/atmel/studio/7.0/toolchain/avr8/avr8-gnu-toolchain/bin/../lib/gcc/avr/5.4.0/../../../../avr/lib/avr5\libm.a(fp_zero.o)
 .bss           0x00000000        0x0 c:/program files (x86)/atmel/studio/7.0/toolchain/avr8/avr8-gnu-toolchain/bin/../lib/gcc/avr/5.4.0/../../../../avr/lib/avr5\libm.a(fp_zero.o)
 .text.avr-libc.fplib
                0x00000000        0xe c:/program files (x86)/atmel/studio/7.0/toolchain/avr8/avr8-gnu-toolchain/bin/../lib/gcc/avr/5.4.0/../../../../avr/lib/avr5\libm.a(fp_zero.o)
 .text          0x00000000        0x0 c:/program files (x86)/atmel/studio/7.0/toolchain/avr8/avr8-gnu-toolchain/bin/../lib/gcc/avr/5.4.0/../../../../avr/lib/avr5\libm.a(mulsf3.o)
 .data          0x00000000        0x0 c:/program files (x86)/atmel/studio/7.0/toolchain/avr8/avr8-gnu-toolchain/bin/../lib/gcc/avr/5.4.0/../../../../avr/lib/avr5\libm.a(mulsf3.o)
 .bss           0x00000000        0x0 c:/program files (x86)/atmel/studio/7.0/toolchain/avr8/avr8-gnu-toolchain/bin/../lib/gcc/avr/5.4.0/../../../../avr/lib/avr5\libm.a(mulsf3.o)
 .text.avr-libc.fplib
                0x00000000        0x8 c:/program files (x86)/atmel/studio/7.0/toolchain/avr8/avr8-gnu-toolchain/bin/../lib/gcc/avr/5.4.0/../../../../avr/lib/avr5\libm.a(mulsf3.o)
 .text          0x00000000        0x0 c:/program files (x86)/atmel/studio/7.0/toolchain/avr8/avr8-gnu-toolchain/bin/../lib/gcc/avr/5.4.0/../../../../avr/lib/avr5\libm.a(mulsf3x.o)
 .data          0x00000000        0x0 c:/program files (x86)/atmel/studio/7.0/toolchain/avr8/avr8-gnu-toolchain/bin/../lib/gcc/avr/5.4.0/../../../../avr/lib/avr5\libm.a(mulsf3x.o)
 .bss           0x00000000        0x0 c:/program files (x86)/atmel/studio/7.0/toolchain/avr8/avr8-gnu-toolchain/bin/../lib/gcc/avr/5.4.0/../../../../avr/lib/avr5\libm.a(mulsf3x.o)
 .text.avr-libc.fplib
                0x00000000       0xd2 c:/program files (x86)/atmel/studio/7.0/toolchain/avr8/avr8-gnu-toolchain/bin/../lib/gcc/avr/5.4.0/../../../../avr/lib/avr5\libm.a(mulsf3x.o)
 .text          0x00000000        0x0 c:/program files (x86)/atmel/studio/7.0/toolchain/avr8/avr8-gnu-toolchain/bin/../lib/gcc/avr/5.4.0/avr5\libgcc.a(_mulsi3.o)
 .data          0x00000000        0x0 c:/program files (x86)/atmel/studio/7.0/toolchain/avr8/avr8-gnu-toolchain/bin/../lib/gcc/avr/5.4.0/avr5\libgcc.a(_mulsi3.o)
 .bss           0x00000000        0x0 c:/program files (x86)/atmel/studio/7.0/toolchain/avr8/avr8-gnu-toolchain/bin/../lib/gcc/avr/5.4.0/avr5\libgcc.a(_mulsi3.o)
 .text.libgcc.mul
                0x00000000       0x20 c:/program files (x86)/atmel/studio/7.0/toolchain/avr8/avr8-gnu-toolchain/bin/../lib/gcc/avr/5.4.0/avr5\libgcc.a(_mulsi3.o)
 .text.libgcc.div
                0x00000000        0x0 c:/program files (x86)/atmel/studio/7.0/toolchain/avr8/avr8-gnu-toolchain/bin/../lib/gcc/avr/5.4.0/avr5\libgcc.a(_mulsi3.o)
 .text.libgcc   0x00000000        0x0 c:/program files (x86)/atmel/studio/7.0/toolchain/avr8/avr8-gnu-toolchain/bin/../lib/gcc/avr/5.4.0/avr5\libgcc.a(_mulsi3.o)
 .text.libgcc.prologue
                0x00000000        0x0 c:/program files (x86)/atmel/studio/7.0/toolchain/avr8/avr8-gnu-toolchain/bin/../lib/gcc/avr/5.4.0/avr5\libgcc.a(_mulsi3.o)
 .text.libgcc.builtins
                0x00000000        0x0 c:/program files (x86)/atmel/studio/7.0/toolchain/avr8/avr8-gnu-toolchain/bin/../lib/gcc/avr/5.4.0/avr5\libgcc.a(_mulsi3.o)
 .text.libgcc.fmul
                0x00000000        0x0 c:/program files (x86)/atmel/studio/7.0/toolchain/avr8/avr8-gnu-toolchain/bin/../lib/gcc/avr/5.4.0/avr5\libgcc.a(_mulsi3.o)
 .text.libgcc.fixed
                0x00000000        0x0 c:/program files (x86)/atmel/studio/7.0/toolchain/avr8/avr8-gnu-toolchain/bin/../lib/gcc/avr/5.4.0/avr5\libgcc.a(_mulsi3.o)
 .text          0x00000000        0x0 c:/program files (x86)/atmel/studio/7.0/toolchain/avr8/avr8-gnu-toolchain/bin/../lib/gcc/avr/5.4.0/avr5\libgcc.a(_udivmodqi4.o)
 .data          0x00000000        0x0 c:/program files (x86)/atmel/studio/7.0/toolchain/avr8/avr8-gnu-toolchain/bin/../lib/gcc/avr/5.4.0/avr5\libgcc.a(_udivmodqi4.o)
 .bss           0x00000000        0x0 c:/program files (x86)/atmel/studio/7.0/toolchain/avr8/avr8-gnu-toolchain/bin/../lib/gcc/avr/5.4.0/avr5\libgcc.a(_udivmodqi4.o)
 .text.libgcc.mul
                0x00000000        0x0 c:/program files (x86)/atmel/studio/7.0/toolchain/avr8/avr8-gnu-toolchain/bin/../lib/gcc/avr/5.4.0/avr5\libgcc.a(_udivmodqi4.o)
 .text.libgcc.div
                0x00000000       0x18 c:/program files (x86)/atmel/studio/7.0/toolchain/avr8/avr8-gnu-toolchain/bin/../lib/gcc/avr/5.4.0/avr5\libgcc.a(_udivmodqi4.o)
 .text.libgcc   0x00000000        0x0 c:/program files (x86)/atmel/studio/7.0/toolchain/avr8/avr8-gnu-toolchain/bin/../lib/gcc/avr/5.4.0/avr5\libgcc.a(_udivmodqi4.o)
 .text.libgcc.prologue
                0x00000000        0x0 c:/program files (x86)/atmel/studio/7.0/toolchain/avr8/avr8-gnu-toolchain/bin/../lib/gcc/avr/5.4.0/avr5\libgcc.a(_udivmodqi4.o)
 .text.libgcc.builtins
                0x00000000        0x0 c:/program files (x86)/atmel/studio/7.0/toolchain/avr8/avr8-gnu-toolchain/bin/../lib/gcc/avr/5.4.0/avr5\libgcc.a(_udivmodqi4.o)
 .text.libgcc.fmul
                0x00000000        0x0 c:/program files (x86)/atmel/studio/7.0/toolchain/avr8/avr8-gnu-toolchain/bin/../lib/gcc/avr/5.4.0/avr5\libgcc.a(_udivmodqi4.o)
 .text.libgcc.fixed
                0x00000000        0x0 c:/program files (x86)/atmel/studio/7.0/toolchain/avr8/avr8-gnu-toolchain/bin/../lib/gcc/avr/5.4.0/avr5\libgcc.a(_udivmodqi4.o)
 .text          0x00000000        0x0 c:/program files (x86)/atmel/studio/7.0/toolchain/avr8/avr8-gnu-toolchain/bin/../lib/gcc/avr/5.4.0/avr5\libgcc.a(_udivmodhi4.o)
 .data          0x00000000        0x0 c:/program files (x86)/atmel/studio/7.0/toolchain/avr8/avr8-gnu-toolchain/bin/../lib/gcc/avr/5.4.0/avr5\libgcc.a(_udivmodhi4.o)
 .bss           0x00000000        0x0 c:/program files (x86)/atmel/studio/7.0/toolchain/avr8/avr8-gnu-toolchain/bin/../lib/gcc/avr/5.4.0/avr5\libgcc.a(_udivmodhi4.o)
 .text.libgcc.mul
                0x00000000        0x0 c:/program files (x86)/atmel/studio/7.0/toolchain/avr8/avr8-gnu-toolchain/bin/../lib/gcc/avr/5.4.0/avr5\libgcc.a(_udivmodhi4.o)
 .text.libgcc   0x00000000        0x0 c:/program files (x86)/atmel/studio/7.0/toolchain/avr8/avr8-gnu-toolchain/bin/../lib/gcc/avr/5.4.0/avr5\libgcc.a(_udivmodhi4.o)
 .text.libgcc.prologue
                0x00000000        0x0 c:/program files (x86)/atmel/studio/7.0/toolchain/avr8/avr8-gnu-toolchain/bin/../lib/gcc/avr/5.4.0/avr5\libgcc.a(_udivmodhi4.o)
 .text.libgcc.builtins
                0x00000000        0x0 c:/program files (x86)/atmel/studio/7.0/toolchain/avr8/avr8-gnu-toolchain/bin/../lib/gcc/avr/5.4.0/avr5\libgcc.a(_udivmodhi4.o)
 .text.libgcc.fmul
                0x00000000        0x0 c:/program files (x86)/atmel/studio/7.0/toolchain/avr8/avr8-gnu-toolchain/bin/../lib/gcc/avr/5.4.0/avr5\libgcc.a(_udivmodhi4.o)
 .text.libgcc.fixed
                0x00000000        0x0 c:/program files (x86)/atmel/studio/7.0/toolchain/avr8/avr8-gnu-toolchain/bin/../lib/gcc/avr/5.4.0/avr5\libgcc.a(_udivmodhi4.o)
 .text          0x00000000        0x0 c:/program files (x86)/atmel/studio/7.0/toolchain/avr8/avr8-gnu-toolchain/bin/../lib/gcc/avr/5.4.0/avr5\libgcc.a(_divmodhi4.o)
 .data          0x00000000        0x0 c:/program files (x86)/atmel/studio/7.0/toolchain/avr8/avr8-gnu-toolchain/bin/../lib/gcc/avr/5.4.0/avr5\libgcc.a(_divmodhi4.o)
 .bss           0x00000000        0x0 c:/program files (x86)/atmel/studio/7.0/toolchain/avr8/avr8-gnu-toolchain/bin/../lib/gcc/avr/5.4.0/avr5\libgcc.a(_divmodhi4.o)
 .text.libgcc.mul
                0x00000000        0x0 c:/program files (x86)/atmel/studio/7.0/toolchain/avr8/avr8-gnu-toolchain/bin/../lib/gcc/avr/5.4.0/avr5\libgcc.a(_divmodhi4.o)
 .text.libgcc   0x00000000        0x0 c:/program files (x86)/atmel/studio/7.0/toolchain/avr8/avr8-gnu-toolchain/bin/../lib/gcc/avr/5.4.0/avr5\libgcc.a(_divmodhi4.o)
 .text.libgcc.prologue
                0x00000000        0x0 c:/program files (x86)/atmel/studio/7.0/toolchain/avr8/avr8-gnu-toolchain/bin/../lib/gcc/avr/5.4.0/avr5\libgcc.a(_divmodhi4.o)
 .text.libgcc.builtins
                0x00000000        0x0 c:/program files (x86)/atmel/studio/7.0/toolchain/avr8/avr8-gnu-toolchain/bin/../lib/gcc/avr/5.4.0/avr5\libgcc.a(_divmodhi4.o)
 .text.libgcc.fmul
                0x00000000        0x0 c:/program files (x86)/atmel/studio/7.0/toolchain/avr8/avr8-gnu-toolchain/bin/../lib/gcc/avr/5.4.0/avr5\libgcc.a(_divmodhi4.o)
 .text.libgcc.fixed
                0x00000000        0x0 c:/program files (x86)/atmel/studio/7.0/toolchain/avr8/avr8-gnu-toolchain/bin/../lib/gcc/avr/5.4.0/avr5\libgcc.a(_divmodhi4.o)
 .text          0x00000000        0x0 c:/program files (x86)/atmel/studio/7.0/toolchain/avr8/avr8-gnu-toolchain/bin/../lib/gcc/avr/5.4.0/avr5\libgcc.a(_udivmodsi4.o)
 .data          0x00000000        0x0 c:/program files (x86)/atmel/studio/7.0/toolchain/avr8/avr8-gnu-toolchain/bin/../lib/gcc/avr/5.4.0/avr5\libgcc.a(_udivmodsi4.o)
 .bss           0x00000000        0x0 c:/program files (x86)/atmel/studio/7.0/toolchain/avr8/avr8-gnu-toolchain/bin/../lib/gcc/avr/5.4.0/avr5\libgcc.a(_udivmodsi4.o)
 .text.libgcc.mul
                0x00000000        0x0 c:/program files (x86)/atmel/studio/7.0/toolchain/avr8/avr8-gnu-toolchain/bin/../lib/gcc/avr/5.4.0/avr5\libgcc.a(_udivmodsi4.o)
 .text.libgcc   0x00000000        0x0 c:/program files (x86)/atmel/studio/7.0/toolchain/avr8/avr8-gnu-toolchain/bin/../lib/gcc/avr/5.4.0/avr5\libgcc.a(_udivmodsi4.o)
 .text.libgcc.prologue
                0x00000000        0x0 c:/program files (x86)/atmel/studio/7.0/toolchain/avr8/avr8-gnu-toolchain/bin/../lib/gcc/avr/5.4.0/avr5\libgcc.a(_udivmodsi4.o)
 .text.libgcc.builtins
                0x00000000        0x0 c:/program files (x86)/atmel/studio/7.0/toolchain/avr8/avr8-gnu-toolchain/bin/../lib/gcc/avr/5.4.0/avr5\libgcc.a(_udivmodsi4.o)
 .text.libgcc.fmul
                0x00000000        0x0 c:/program files (x86)/atmel/studio/7.0/toolchain/avr8/avr8-gnu-toolchain/bin/../lib/gcc/avr/5.4.0/avr5\libgcc.a(_udivmodsi4.o)
 .text.libgcc.fixed
                0x00000000        0x0 c:/program files (x86)/atmel/studio/7.0/toolchain/avr8/avr8-gnu-toolchain/bin/../lib/gcc/avr/5.4.0/avr5\libgcc.a(_udivmodsi4.o)
 .text          0x00000000        0x0 c:/program files (x86)/atmel/studio/7.0/toolchain/avr8/avr8-gnu-toolchain/bin/../lib/gcc/avr/5.4.0/avr5\libgcc.a(_divmodsi4.o)
 .data          0x00000000        0x0 c:/program files (x86)/atmel/studio/7.0/toolchain/avr8/avr8-gnu-toolchain/bin/../lib/gcc/avr/5.4.0/avr5\libgcc.a(_divmodsi4.o)
 .bss           0x00000000        0x0 c:/program files (x86)/atmel/studio/7.0/toolchain/avr8/avr8-gnu-toolchain/bin/../lib/gcc/avr/5.4.0/avr5\libgcc.a(_divmodsi4.o)
 .text.libgcc.mul
                0x00000000        0x0 c:/program files (x86)/atmel/studio/7.0/toolchain/avr8/avr8-gnu-toolchain/bin/../lib/gcc/avr/5.4.0/avr5\libgcc.a(_divmodsi4.o)
 .text.libgcc   0x00000000        0x0 c:/program files (x86)/atmel/studio/7.0/toolchain/avr8/avr8-gnu-toolchain/bin/../lib/gcc/avr/5.4.0/avr5\libgcc.a(_divmodsi4.o)
 .text.libgcc.prologue
                0x00000000        0x0 c:/program files (x86)/atmel/studio/7.0/toolchain/avr8/avr8-gnu-toolchain/bin/../lib/gcc/avr/5.4.0/avr5\libgcc.a(_divmodsi4.o)
 .text.libgcc.builtins
                0x00000000        0x0 c:/program files (x86)/atmel/studio/7.0/toolchain/avr8/avr8-gnu-toolchain/bin/../lib/gcc/avr/5.4.0/avr5\libgcc.a(_divmodsi4.o)
 .text.libgcc.fmul
                0x00000000        0x0 c:/program files (x86)/atmel/studio/7.0/toolchain/avr8/avr8-gnu-toolchain/bin/../lib/gcc/avr/5.4.0/avr5\libgcc.a(_divmodsi4.o)
 .text.libgcc.fixed
                0x00000000        0x0 c:/program files (x86)/atmel/studio/7.0/toolchain/avr8/avr8-gnu-toolchain/bin/../lib/gcc/avr/5.4.0/avr5\libgcc.a(_divmodsi4.o)
 .text          0x00000000        0x0 c:/program files (x86)/atmel/studio/7.0/toolchain/avr8/avr8-gnu-toolchain/bin/../lib/gcc/avr/5.4.0/avr5\libgcc.a(_negsi2.o)
 .data          0x00000000        0x0 c:/program files (x86)/atmel/studio/7.0/toolchain/avr8/avr8-gnu-toolchain/bin/../lib/gcc/avr/5.4.0/avr5\libgcc.a(_negsi2.o)
 .bss           0x00000000        0x0 c:/program files (x86)/atmel/studio/7.0/toolchain/avr8/avr8-gnu-toolchain/bin/../lib/gcc/avr/5.4.0/avr5\libgcc.a(_negsi2.o)
 .text.libgcc.mul
                0x00000000        0x0 c:/program files (x86)/atmel/studio/7.0/toolchain/avr8/avr8-gnu-toolchain/bin/../lib/gcc/avr/5.4.0/avr5\libgcc.a(_negsi2.o)
 .text.libgcc   0x00000000        0x0 c:/program files (x86)/atmel/studio/7.0/toolchain/avr8/avr8-gnu-toolchain/bin/../lib/gcc/avr/5.4.0/avr5\libgcc.a(_negsi2.o)
 .text.libgcc.prologue
                0x00000000        0x0 c:/program files (x86)/atmel/studio/7.0/toolchain/avr8/avr8-gnu-toolchain/bin/../lib/gcc/avr/5.4.0/avr5\libgcc.a(_negsi2.o)
 .text.libgcc.builtins
                0x00000000        0x0 c:/program files (x86)/atmel/studio/7.0/toolchain/avr8/avr8-gnu-toolchain/bin/../lib/gcc/avr/5.4.0/avr5\libgcc.a(_negsi2.o)
 .text.libgcc.fmul
                0x00000000        0x0 c:/program files (x86)/atmel/studio/7.0/toolchain/avr8/avr8-gnu-toolchain/bin/../lib/gcc/avr/5.4.0/avr5\libgcc.a(_negsi2.o)
 .text.libgcc.fixed
                0x00000000        0x0 c:/program files (x86)/atmel/studio/7.0/toolchain/avr8/avr8-gnu-toolchain/bin/../lib/gcc/avr/5.4.0/avr5\libgcc.a(_negsi2.o)
 .text          0x00000000        0x0 c:/program files (x86)/atmel/studio/7.0/toolchain/avr8/avr8-gnu-toolchain/bin/../lib/gcc/avr/5.4.0/avr5\libgcc.a(_exit.o)
 .data          0x00000000        0x0 c:/program files (x86)/atmel/studio/7.0/toolchain/avr8/avr8-gnu-toolchain/bin/../lib/gcc/avr/5.4.0/avr5\libgcc.a(_exit.o)
 .bss           0x00000000        0x0 c:/program files (x86)/atmel/studio/7.0/toolchain/avr8/avr8-gnu-toolchain/bin/../lib/gcc/avr/5.4.0/avr5\libgcc.a(_exit.o)
 .text.libgcc.mul
                0x00000000        0x0 c:/program files (x86)/atmel/studio/7.0/toolchain/avr8/avr8-gnu-toolchain/bin/../lib/gcc/avr/5.4.0/avr5\libgcc.a(_exit.o)
 .text.libgcc.div
                0x00000000        0x0 c:/program files (x86)/atmel/studio/7.0/toolchain/avr8/avr8-gnu-toolchain/bin/../lib/gcc/avr/5.4.0/avr5\libgcc.a(_exit.o)
 .text.libgcc   0x00000000        0x0 c:/program files (x86)/atmel/studio/7.0/toolchain/avr8/avr8-gnu-toolchain/bin/../lib/gcc/avr/5.4.0/avr5\libgcc.a(_exit.o)
 .text.libgcc.prologue
                0x00000000        0x0 c:/program files (x86)/atmel/studio/7.0/toolchain/avr8/avr8-gnu-toolchain/bin/../lib/gcc/avr/5.4.0/avr5\libgcc.a(_exit.o)
 .text.libgcc.builtins
                0x00000000        0x0 c:/program files (x86)/atmel/studio/7.0/toolchain/avr8/avr8-gnu-toolchain/bin/../lib/gcc/avr/5.4.0/avr5\libgcc.a(_exit.o)
 .text.libgcc.fmul
                0x00000000        0x0 c:/program files (x86)/atmel/studio/7.0/toolchain/avr8/avr8-gnu-toolchain/bin/../lib/gcc/avr/5.4.0/avr5\libgcc.a(_exit.o)
 .text.libgcc.fixed
                0x00000000        0x0 c:/program files (x86)/atmel/studio/7.0/toolchain/avr8/avr8-gnu-toolchain/bin/../lib/gcc/avr/5.4.0/avr5\libgcc.a(_exit.o)
 .text          0x00000000        0x0 c:/program files (x86)/atmel/studio/7.0/toolchain/avr8/avr8-gnu-toolchain/bin/../lib/gcc/avr/5.4.0/avr5\libgcc.a(_copy_data.o)
 .data          0x00000000        0x0 c:/program files (x86)/atmel/studio/7.0/toolchain/avr8/avr8-gnu-toolchain/bin/../lib/gcc/avr/5.4.0/avr5\libgcc.a(_copy_data.o)
 .bss           0x00000000        0x0 c:/program files (x86)/atmel/studio/7.0/toolchain/avr8/avr8-gnu-toolchain/bin/../lib/gcc/avr/5.4.0/avr5\libgcc.a(_copy_data.o)
 .text.libgcc.mul
                0x00000000        0x0 c:/program files (x86)/atmel/studio/7.0/toolchain/avr8/avr8-gnu-toolchain/bin/../lib/gcc/avr/5.4.0/avr5\libgcc.a(_copy_data.o)
 .text.libgcc.div
                0x00000000        0x0 c:/program files (x86)/atmel/studio/7.0/toolchain/avr8/avr8-gnu-toolchain/bin/../lib/gcc/avr/5.4.0/avr5\libgcc.a(_copy_data.o)
 .text.libgcc   0x00000000        0x0 c:/program files (x86)/atmel/studio/7.0/toolchain/avr8/avr8-gnu-toolchain/bin/../lib/gcc/avr/5.4.0/avr5\libgcc.a(_copy_data.o)
 .text.libgcc.prologue
                0x00000000        0x0 c:/program files (x86)/atmel/studio/7.0/toolchain/avr8/avr8-gnu-toolchain/bin/../lib/gcc/avr/5.4.0/avr5\libgcc.a(_copy_data.o)
 .text.libgcc.builtins
                0x00000000        0x0 c:/program files (x86)/atmel/studio/7.0/toolchain/avr8/avr8-gnu-toolchain/bin/../lib/gcc/avr/5.4.0/avr5\libgcc.a(_copy_data.o)
 .text.libgcc.fmul
                0x00000000        0x0 c:/program files (x86)/atmel/studio/7.0/toolchain/avr8/avr8-gnu-toolchain/bin/../lib/gcc/avr/5.4.0/avr5\libgcc.a(_copy_data.o)
 .text.libgcc.fixed
                0x00000000        0x0 c:/program files (x86)/atmel/studio/7.0/toolchain/avr8/avr8-gnu-toolchain/bin/../lib/gcc/avr/5.4.0/avr5\libgcc.a(_copy_data.o)
 .text          0x00000000        0x0 c:/program files (x86)/atmel/studio/7.0/toolchain/avr8/avr8-gnu-toolchain/bin/../lib/gcc/avr/5.4.0/avr5\libgcc.a(_clear_bss.o)
 .data          0x00000000        0x0 c:/program files (x86)/atmel/studio/7.0/toolchain/avr8/avr8-gnu-toolchain/bin/../lib/gcc/avr/5.4.0/avr5\libgcc.a(_clear_bss.o)
 .bss           0x00000000        0x0 c:/program files (x86)/atmel/studio/7.0/toolchain/avr8/avr8-gnu-toolchain/bin/../lib/gcc/avr/5.4.0/avr5\libgcc.a(_clear_bss.o)
 .text.libgcc.mul
                0x00000000        0x0 c:/program files (x86)/atmel/studio/7.0/toolchain/avr8/avr8-gnu-toolchain/bin/../lib/gcc/avr/5.4.0/avr5\libgcc.a(_clear_bss.o)
 .text.libgcc.div
                0x00000000        0x0 c:/program files (x86)/atmel/studio/7.0/toolchain/avr8/avr8-gnu-toolchain/bin/../lib/gcc/avr/5.4.0/avr5\libgcc.a(_clear_bss.o)
 .text.libgcc   0x00000000        0x0 c:/program files (x86)/atmel/studio/7.0/toolchain/avr8/avr8-gnu-toolchain/bin/../lib/gcc/avr/5.4.0/avr5\libgcc.a(_clear_bss.o)
 .text.libgcc.prologue
                0x00000000        0x0 c:/program files (x86)/atmel/studio/7.0/toolchain/avr8/avr8-gnu-toolchain/bin/../lib/gcc/avr/5.4.0/avr5\libgcc.a(_clear_bss.o)
 .text.libgcc.builtins
                0x00000000        0x0 c:/program files (x86)/atmel/studio/7.0/toolchain/avr8/avr8-gnu-toolchain/bin/../lib/gcc/avr/5.4.0/avr5\libgcc.a(_clear_bss.o)
 .text.libgcc.fmul
                0x00000000        0x0 c:/program files (x86)/atmel/studio/7.0/toolchain/avr8/avr8-gnu-toolchain/bin/../lib/gcc/avr/5.4.0/avr5\libgcc.a(_clear_bss.o)
 .text.libgcc.fixed
                0x00000000        0x0 c:/program files (x86)/atmel/studio/7.0/toolchain/avr8/avr8-gnu-toolchain/bin/../lib/gcc/avr/5.4.0/avr5\libgcc.a(_clear_bss.o)
 .text          0x00000000        0x0 c:/program files (x86)/atmel/studio/7.0/toolchain/avr8/avr8-gnu-toolchain/bin/../lib/gcc/avr/5.4.0/avr5\libgcc.a(_umulhisi3.o)
 .data          0x00000000        0x0 c:/program files (x86)/atmel/studio/7.0/toolchain/avr8/avr8-gnu-toolchain/bin/../lib/gcc/avr/5.4.0/avr5\libgcc.a(_umulhisi3.o)
 .bss           0x00000000        0x0 c:/program files (x86)/atmel/studio/7.0/toolchain/avr8/avr8-gnu-toolchain/bin/../lib/gcc/avr/5.4.0/avr5\libgcc.a(_umulhisi3.o)
 .text.libgcc.mul
                0x00000000       0x1e c:/program files (x86)/atmel/studio/7.0/toolchain/avr8/avr8-gnu-toolchain/bin/../lib/gcc/avr/5.4.0/avr5\libgcc.a(_umulhisi3.o)
 .text.libgcc.div
                0x00000000        0x0 c:/program files (x86)/atmel/studio/7.0/toolchain/avr8/avr8-gnu-toolchain/bin/../lib/gcc/avr/5.4.0/avr5\libgcc.a(_umulhisi3.o)
 .text.libgcc   0x00000000        0x0 c:/program files (x86)/atmel/studio/7.0/toolchain/avr8/avr8-gnu-toolchain/bin/../lib/gcc/avr/5.4.0/avr5\libgcc.a(_umulhisi3.o)
 .text.libgcc.prologue
                0x00000000        0x0 c:/program files (x86)/atmel/studio/7.0/toolchain/avr8/avr8-gnu-toolchain/bin/../lib/gcc/avr/5.4.0/avr5\libgcc.a(_umulhisi3.o)
 .text.libgcc.builtins
                0x00000000        0x0 c:/program files (x86)/atmel/studio/7.0/toolchain/avr8/avr8-gnu-toolchain/bin/../lib/gcc/avr/5.4.0/avr5\libgcc.a(_umulhisi3.o)
 .text.libgcc.fmul
                0x00000000        0x0 c:/program files (x86)/atmel/studio/7.0/toolchain/avr8/avr8-gnu-toolchain/bin/../lib/gcc/avr/5.4.0/avr5\libgcc.a(_umulhisi3.o)
 .text.libgcc.fixed
                0x00000000        0x0 c:/program files (x86)/atmel/studio/7.0/toolchain/avr8/avr8-gnu-toolchain/bin/../lib/gcc/avr/5.4.0/avr5\libgcc.a(_umulhisi3.o)
 .text          0x00000000        0x0 c:/program files (x86)/atmel/studio/7.0/toolchain/avr8/avr8-gnu-toolchain/bin/../lib/gcc/avr/5.4.0/avr5\libgcc.a(_usmulhisi3.o)
 .data          0x00000000        0x0 c:/program files (x86)/atmel/studio/7.0/toolchain/avr8/avr8-gnu-toolchain/bin/../lib/gcc/avr/5.4.0/avr5\libgcc.a(_usmulhisi3.o)
 .bss           0x00000000        0x0 c:/program files (x86)/atmel/studio/7.0/toolchain/avr8/avr8-gnu-toolchain/bin/../lib/gcc/avr/5.4.0/avr5\libgcc.a(_usmulhisi3.o)
 .text.libgcc.mul
                0x00000000        0xe c:/program files (x86)/atmel/studio/7.0/toolchain/avr8/avr8-gnu-toolchain/bin/../lib/gcc/avr/5.4.0/avr5\libgcc.a(_usmulhisi3.o)
 .text.libgcc.div
                0x00000000        0x0 c:/program files (x86)/atmel/studio/7.0/toolchain/avr8/avr8-gnu-toolchain/bin/../lib/gcc/avr/5.4.0/avr5\libgcc.a(_usmulhisi3.o)
 .text.libgcc   0x00000000        0x0 c:/program files (x86)/atmel/studio/7.0/toolchain/avr8/avr8-gnu-toolchain/bin/../lib/gcc/avr/5.4.0/avr5\libgcc.a(_usmulhisi3.o)
 .text.libgcc.prologue
                0x00000000        0x0 c:/program files (x86)/atmel/studio/7.0/toolchain/avr8/avr8-gnu-toolchain/bin/../lib/gcc/avr/5.4.0/avr5\libgcc.a(_usmulhisi3.o)
 .text.libgcc.builtins
                0x00000000        0x0 c:/program files (x86)/atmel/studio/7.0/toolchain/avr8/avr8-gnu-toolchain/bin/../lib/gcc/avr/5.4.0/avr5\libgcc.a(_usmulhisi3.o)
 .text.libgcc.fmul
                0x00000000        0x0 c:/program files (x86)/atmel/studio/7.0/toolchain/avr8/avr8-gnu-toolchain/bin/../lib/gcc/avr/5.4.0/avr5\libgcc.a(_usmulhisi3.o)
 .text.libgcc.fixed
                0x00000000        0x0 c:/program files (x86)/atmel/studio/7.0/toolchain/avr8/avr8-gnu-toolchain/bin/../lib/gcc/avr/5.4.0/avr5\libgcc.a(_usmulhisi3.o)
 .text          0x00000000        0x0 c:/program files (x86)/atmel/studio/7.0/toolchain/avr8/avr8-gnu-toolchain/bin/../lib/gcc/avr/5.4.0/avr5\libgcc.a(_muluhisi3.o)
 .data          0x00000000        0x0 c:/program files (x86)/atmel/studio/7.0/toolchain/avr8/avr8-gnu-toolchain/bin/../lib/gcc/avr/5.4.0/avr5\libgcc.a(_muluhisi3.o)
 .bss           0x00000000        0x0 c:/program files (x86)/atmel/studio/7.0/toolchain/avr8/avr8-gnu-toolchain/bin/../lib/gcc/avr/5.4.0/avr5\libgcc.a(_muluhisi3.o)
 .text.libgcc.mul
                0x00000000       0x16 c:/program files (x86)/atmel/studio/7.0/toolchain/avr8/avr8-gnu-toolchain/bin/../lib/gcc/avr/5.4.0/avr5\libgcc.a(_muluhisi3.o)
 .text.libgcc.div
                0x00000000        0x0 c:/program files (x86)/atmel/studio/7.0/toolchain/avr8/avr8-gnu-toolchain/bin/../lib/gcc/avr/5.4.0/avr5\libgcc.a(_muluhisi3.o)
 .text.libgcc   0x00000000        0x0 c:/program files (x86)/atmel/studio/7.0/toolchain/avr8/avr8-gnu-toolchain/bin/../lib/gcc/avr/5.4.0/avr5\libgcc.a(_muluhisi3.o)
 .text.libgcc.prologue
                0x00000000        0x0 c:/program files (x86)/atmel/studio/7.0/toolchain/avr8/avr8-gnu-toolchain/bin/../lib/gcc/avr/5.4.0/avr5\libgcc.a(_muluhisi3.o)
 .text.libgcc.builtins
                0x00000000        0x0 c:/program files (x86)/atmel/studio/7.0/toolchain/avr8/avr8-gnu-toolchain/bin/../lib/gcc/avr/5.4.0/avr5\libgcc.a(_muluhisi3.o)
 .text.libgcc.fmul
                0x00000000        0x0 c:/program files (x86)/atmel/studio/7.0/toolchain/avr8/avr8-gnu-toolchain/bin/../lib/gcc/avr/5.4.0/avr5\libgcc.a(_muluhisi3.o)
 .text.libgcc.fixed
                0x00000000        0x0 c:/program files (x86)/atmel/studio/7.0/toolchain/avr8/avr8-gnu-toolchain/bin/../lib/gcc/avr/5.4.0/avr5\libgcc.a(_muluhisi3.o)
 .text          0x00000000        0x0 c:/program files (x86)/atmel/studio/7.0/toolchain/avr8/avr8-gnu-toolchain/bin/../lib/gcc/avr/5.4.0/../../../../avr/lib/avr5\libc.a(memcpy.o)
 .data          0x00000000        0x0 c:/program files (x86)/atmel/studio/7.0/toolchain/avr8/avr8-gnu-toolchain/bin/../lib/gcc/avr/5.4.0/../../../../avr/lib/avr5\libc.a(memcpy.o)
 .bss           0x00000000        0x0 c:/program files (x86)/atmel/studio/7.0/toolchain/avr8/avr8-gnu-toolchain/bin/../lib/gcc/avr/5.4.0/../../../../avr/lib/avr5\libc.a(memcpy.o)
 .text.avr-libc
                0x00000000       0x12 c:/program files (x86)/atmel/studio/7.0/toolchain/avr8/avr8-gnu-toolchain/bin/../lib/gcc/avr/5.4.0/../../../../avr/lib/avr5\libc.a(memcpy.o)
 .text          0x00000000        0x0 c:/program files (x86)/atmel/studio/7.0/toolchain/avr8/avr8-gnu-toolchain/bin/../lib/gcc/avr/5.4.0/../../../../avr/lib/avr5\libc.a(memset.o)
 .data          0x00000000        0x0 c:/program files (x86)/atmel/studio/7.0/toolchain/avr8/avr8-gnu-toolchain/bin/../lib/gcc/avr/5.4.0/../../../../avr/lib/avr5\libc.a(memset.o)
 .bss           0x00000000        0x0 c:/program files (x86)/atmel/studio/7.0/toolchain/avr8/avr8-gnu-toolchain/bin/../lib/gcc/avr/5.4.0/../../../../avr/lib/avr5\libc.a(memset.o)
 .text.avr-libc
                0x00000000        0xe c:/program files (x86)/atmel/studio/7.0/toolchain/avr8/avr8-gnu-toolchain/bin/../lib/gcc/avr/5.4.0/../../../../avr/lib/avr5\libc.a(memset.o)
 .text          0x00000000        0x0 c:/program files (x86)/atmel/studio/7.0/toolchain/avr8/avr8-gnu-toolchain/bin/../lib/gcc/avr/5.4.0/../../../../avr/lib/avr5\libc.a(strcmp.o)
 .data          0x00000000        0x0 c:/program files (x86)/atmel/studio/7.0/toolchain/avr8/avr8-gnu-toolchain/bin/../lib/gcc/avr/5.4.0/../../../../avr/lib/avr5\libc.a(strcmp.o)
 .bss           0x00000000        0x0 c:/program files (x86)/atmel/studio/7.0/toolchain/avr8/avr8-gnu-toolchain/bin/../lib/gcc/avr/5.4.0/../../../../avr/lib/avr5\libc.a(strcmp.o)
 .text.avr-libc
                0x00000000       0x12 c:/program files (x86)/atmel/studio/7.0/toolchain/avr8/avr8-gnu-toolchain/bin/../lib/gcc/avr/5.4.0/../../../../avr/lib/avr5\libc.a(strcmp.o)
 .text          0x00000000        0x0 c:/program files (x86)/atmel/studio/7.0/toolchain/avr8/avr8-gnu-toolchain/bin/../lib/gcc/avr/5.4.0/../../../../avr/lib/avr5\libc.a(strncpy.o)
 .data          0x00000000        0x0 c:/program files (x86)/atmel/studio/7.0/toolchain/avr8/avr8-gnu-toolchain/bin/../lib/gcc/avr/5.4.0/../../../../avr/lib/avr5\libc.a(strncpy.o)
 .bss           0x00000000        0x0 c:/program files (x86)/atmel/studio/7.0/toolchain/avr8/avr8-gnu-toolchain/bin/../lib/gcc/avr/5.4.0/../../../../avr/lib/avr5\libc.a(strncpy.o)
 .text.avr-libc
                0x00000000       0x1e c:/program files (x86)/atmel/studio/7.0/toolchain/avr8/avr8-gnu-toolchain/bin/../lib/gcc/avr/5.4.0/../../../../avr/lib/avr5\libc.a(strncpy.o)

Memory Configuration

Name             Origin             Length             Attributes
text             0x00000000         0x00008000         xr
data             0x00800060         0x00000800         rw !x
eeprom           0x00810000         0x00000400         rw !x
fuse             0x00820000         0x00000002         rw !x
lock             0x00830000         0x00000400         rw !x
signature        0x00840000         0x00000400         rw !x
user_signatures  0x00850000         0x00000400         rw !x
*default*        0x00000000         0xffffffff

Linker script and memory map

LOAD C:/Program Files (x86)/Atmel/Studio/7.0/Packs/atmel/ATmega_DFP/1.7.374/gcc/dev/atmega32/avr5/crtatmega32.o
LOAD APP/Calc.o
LOAD APP/Converter.o
LOAD APP/FireSystem.o
LOAD APP/MOVE.o
LOAD APP/SmartProgram.o
LOAD FreeRTOS/croutine.o
LOAD FreeRTOS/heap_1.o
LOAD FreeRTOS/list.o
LOAD FreeRTOS/port.o
LOAD FreeRTOS/queue.o
LOAD FreeRTOS/tasks.o
LOAD FreeRTOS/timers.o
LOAD HAL/KeyPad.o
LOAD HAL/LCD.o
LOAD HAL/MOTOR.o
LOAD HAL/MOTOR_cfg.o
LOAD HAL/RGB.o
LOAD HAL/Sensors.o
LOAD HAL/ServoMotor.o
LOAD HAL/UltraSonic.o
LOAD LCDPRJ.o
LOAD LEC1.o
LOAD main.o
LOAD MCAL/ADC.o
LOAD MCAL/DIO.o
LOAD MCAL/DIO_cfg.o
LOAD MCAL/EEPROM.o
LOAD MCAL/EX_Interrupt.o
LOAD MCAL/IIC.o
LOAD MCAL/SPI.o
LOAD MCAL/Timer.o
LOAD MCAL/UART.o
LOAD MOTORPROJS.o
LOAD RTOS/Kernel.o
LOAD SEGMENT.o
LOAD SERVICES/TempF.o
LOAD SERVICES/Timer_Services.o
LOAD SERVICES/UART_Services.o
LOAD StopWatchPROJ.o
START GROUP
LOAD c:/program files (x86)/atmel/studio/7.0/toolchain/avr8/avr8-gnu-toolchain/bin/../lib/gcc/avr/5.4.0/../../../../avr/lib/avr5\libm.a
END GROUP
START GROUP
LOAD c:/program files (x86)/atmel/studio/7.0/toolchain/avr8/avr8-gnu-toolchain/bin/../lib/gcc/avr/5.4.0/avr5\libgcc.a
LOAD c:/program files (x86)/atmel/studio/7.0/toolchain/avr8/avr8-gnu-toolchain/bin/../lib/gcc/avr/5.4.0/../../../../avr/lib/avr5\libm.a
LOAD c:/program files (x86)/atmel/studio/7.0/toolchain/avr8/avr8-gnu-toolchain/bin/../lib/gcc/avr/5.4.0/../../../../avr/lib/avr5\libc.a
LOAD C:/Program Files (x86)/Atmel/Studio/7.0/Packs/atmel/ATmega_DFP/1.7.374/gcc/dev/atmega32/avr5\libatmega32.a
END GROUP
                0x00000000                __TEXT_REGION_ORIGIN__ = DEFINED (__TEXT_REGION_ORIGIN__)?__TEXT_REGION_ORIGIN__:0x0
                [0x00800060]                __DATA_REGION_ORIGIN__ = DEFINED (__DATA_REGION_ORIGIN__)?__DATA_REGION_ORIGIN__:0x800060
                [0x00008000]                __TEXT_REGION_LENGTH__ = DEFINED (__TEXT_REGION_LENGTH__)?__TEXT_REGION_LENGTH__:0x20000
                [0x00000800]                __DATA_REGION_LENGTH__ = DEFINED (__DATA_REGION_LENGTH__)?__DATA_REGION_LENGTH__:0xffa0
                [0x00000400]                __EEPROM_REGION_LENGTH__ = DEFINED (__EEPROM_REGION_LENGTH__)?__EEPROM_REGION_LENGTH__:0x10000
                [0x00000002]                __FUSE_REGION_LENGTH__ = DEFINED (__FUSE_REGION_LENGTH__)?__FUSE_REGION_LENGTH__:0x400
                0x00000400                __LOCK_REGION_LENGTH__ = DEFINED (__LOCK_REGION_LENGTH__)?__LOCK_REGION_LENGTH__:0x400
                0x00000400                __SIGNATURE_REGION_LENGTH__ = DEFINED (__SIGNATURE_REGION_LENGTH__)?__SIGNATURE_REGION_LENGTH__:0x400
                0x00000400                __USER_SIGNATURE_REGION_LENGTH__ = DEFINED (__USER_SIGNATURE_REGION_LENGTH__)?__USER_SIGNATURE_REGION_LENGTH__:0x400

.hash
 *(.hash)

.dynsym
 *(.dynsym)

.dynstr
 *(.dynstr)

.gnu.version
 *(.gnu.version)

.gnu.version_d
 *(.gnu.version_d)

.gnu.version_r
 *(.gnu.version_r)

.rel.init
 *(.rel.init)

.rela.init
 *(.rela.init)

.rel.text
 *(.rel.text)
 *(.rel.text.*)
 *(.rel.gnu.linkonce.t*)

.rela.text
 *(.rela.text)
 *(.rela.text.*)
 *(.rela.gnu.linkonce.t*)

.rel.fini
 *(.rel.fini)

.rela.fini
 *(.rela.fini)

.rel.rodata
 *(.rel.rodata)
 *(.rel.rodata.*)
 *(.rel.gnu.linkonce.r*)

.rela.rodata
 *(.rela.rodata)
 *(.rela.rodata.*)
 *(.rela.gnu.linkonce.r*)

.rel.data
 *(.rel.data)
 *(.rel.data.*)
 *(.rel.gnu.linkonce.d*)

.rela.data
 *(.rela.data)
 *(.rela.data.*)
 *(.rela.gnu.linkonce.d*)

.rel.ctors
 *(.rel.ctors)

.rela.ctors
 *(.rela.ctors)

.rel.dtors
 *(.rel.dtors)

.rela.dtors
 *(.rela.dtors)

.rel.got
 *(.rel.got)

.rela.got
 *(.rela.got)

.rel.bss
 *(.rel.bss)

.rela.bss
 *(.rela.bss)

.rel.plt
 *(.rel.plt)

.rela.plt
 *(.rela.plt)

.text           0x00000000      0xf00
 *(.vectors)
 .vectors       0x00000000       0x54 C:/Program Files (x86)/Atmel/Studio/7.0/Packs/atmel/ATmega_DFP/1.7.374/gcc/dev/atmega32/avr5/crtatmega32.o
                0x00000000                __vector_default
                0x00000000                __vectors
 *(.vectors)
 *(.progmem.gcc*)
                0x00000054                . = ALIGN (0x2)
                0x00000054                __trampolines_start = .
 *(.trampolines)
 .trampolines   0x00000054        0x0 linker stubs
 *(.trampolines*)
                0x00000054                __trampolines_end = .
 *libprintf_flt.a:*(.progmem.data)
 *libc.a:*(.progmem.data)
 *(.progmem*)
                0x00000054                . = ALIGN (0x2)
 *(.jumptables)
 *(.jumptables*)
 *(.lowtext)
 *(.lowtext*)
                0x00000054                __ctors_start = .
 *(.ctors)
                0x00000054                __ctors_end = .
                0x00000054                __dtors_start = .
 *(.dtors)
                0x00000054                __dtors_end = .
 SORT(*)(.ctors)
 SORT(*)(.dtors)
 *(.init0)
 .init0         0x00000054        0x0 C:/Program Files (x86)/Atmel/Studio/7.0/Packs/atmel/ATmega_DFP/1.7.374/gcc/dev/atmega32/avr5/crtatmega32.o
                0x00000054                __init
 *(.init0)
 *(.init1)
 *(.init1)
 *(.init2)
 .init2         0x00000054        0xc C:/Program Files (x86)/Atmel/Studio/7.0/Packs/atmel/ATmega_DFP/1.7.374/gcc/dev/atmega32/avr5/crtatmega32.o
 *(.init2)
 *(.init3)
 *(.init3)
 *(.init4)
 .init4         0x00000060       0x16 c:/program files (x86)/atmel/studio/7.0/toolchain/avr8/avr8-gnu-toolchain/bin/../lib/gcc/avr/5.4.0/avr5\libgcc.a(_copy_data.o)
                0x00000060                __do_copy_data
 .init4         0x00000076       0x10 c:/program files (x86)/atmel/studio/7.0/toolchain/avr8/avr8-gnu-toolchain/bin/../lib/gcc/avr/5.4.0/avr5\libgcc.a(_clear_bss.o)
                0x00000076                __do_clear_bss
 *(.init4)
 *(.init5)
 *(.init5)
 *(.init6)
 *(.init6)
 *(.init7)
 *(.init7)
 *(.init8)
 *(.init8)
 *(.init9)
 .init9         0x00000086        0x8 C:/Program Files (x86)/Atmel/Studio/7.0/Packs/atmel/ATmega_DFP/1.7.374/gcc/dev/atmega32/avr5/crtatmega32.o
 *(.init9)
 *(.text)
 .text          0x0000008e        0x4 C:/Program Files (x86)/Atmel/Studio/7.0/Packs/atmel/ATmega_DFP/1.7.374/gcc/dev/atmega32/avr5/crtatmega32.o
                0x0000008e                __vector_12
                0x0000008e                __bad_interrupt
                0x0000008e                __vector_17
                0x0000008e                __vector_19
                0x0000008e                __vector_5
                0x0000008e                __vector_4
                0x0000008e                __vector_14
                0x0000008e                __vector_10
                0x0000008e                __vector_16
                0x0000008e                __vector_18
                0x0000008e                __vector_20
                0x00000092                . = ALIGN (0x2)
 *(.text.*)
 .text.vListInsertEnd
                0x00000092       0x46 FreeRTOS/list.o
                0x00000092                vListInsertEnd
 .text.vListRemove
                0x000000d8       0x48 FreeRTOS/list.o
                0x000000d8                vListRemove
 .text.vPortYieldFromTick
                0x00000120       0xb6 FreeRTOS/port.o
                0x00000120                vPortYieldFromTick
 .text.__vector_7
                0x000001d6        0x6 FreeRTOS/port.o
                0x000001d6                __vector_7
 .text.vTaskIncrementTick
                0x000001dc      0x13e FreeRTOS/tasks.o
                0x000001dc                vTaskIncrementTick
 .text.vTaskSwitchContext
                0x0000031a       0x94 FreeRTOS/tasks.o
                0x0000031a                vTaskSwitchContext
 .text.LCD_writeInstruction
                0x000003ae       0xc0 HAL/LCD.o
                0x000003ae                LCD_writeInstruction
 .text.LCD_WriteData
                0x0000046e       0xc0 HAL/LCD.o
                0x0000046e                LCD_WriteData
 .text.LCD_Init
                0x0000052e       0x3c HAL/LCD.o
                0x0000052e                LCD_Init
 .text.LCD_WriteNumber
                0x0000056a       0xde HAL/LCD.o
                0x0000056a                LCD_WriteNumber
 .text.LCD_SetCursor
                0x00000648       0x18 HAL/LCD.o
                0x00000648                LCD_SetCursor
 .text.LCD_WriteString
                0x00000660       0x26 HAL/LCD.o
                0x00000660                LCD_WriteString
 .text.FUNC_US  0x00000686       0x3a HAL/UltraSonic.o
 .text.US_vidUltraSonicInit
                0x000006c0        0xc HAL/UltraSonic.o
                0x000006c0                US_vidUltraSonicInit
 .text.US_vidGetDistance
                0x000006cc       0x94 HAL/UltraSonic.o
                0x000006cc                US_vidGetDistance
 .text.startup.main
                0x00000760       0x7e main.o
                0x00000760                main
 .text.DIO_WritePin
                0x000007de      0x102 MCAL/DIO.o
                0x000007de                DIO_WritePin
 .text.DIO_Init
                0x000008e0      0x1bc MCAL/DIO.o
                0x000008e0                DIO_Init
 .text.__vector_1
                0x00000a9c       0x52 MCAL/EX_Interrupt.o
                0x00000a9c                __vector_1
 .text.__vector_2
                0x00000aee       0x52 MCAL/EX_Interrupt.o
                0x00000aee                __vector_2
 .text.__vector_3
                0x00000b40       0x52 MCAL/EX_Interrupt.o
                0x00000b40                __vector_3
 .text.__vector_11
                0x00000b92       0x52 MCAL/Timer.o
                0x00000b92                __vector_11
 .text.TIMER1_Init
                0x00000be4       0x78 MCAL/Timer.o
                0x00000be4                TIMER1_Init
 .text.Timer1_ICU_InterruptEnable
                0x00000c5c        0x8 MCAL/Timer.o
                0x00000c5c                Timer1_ICU_InterruptEnable
 .text.Timer1_ICU_SelectEdge
                0x00000c64       0x22 MCAL/Timer.o
                0x00000c64                Timer1_ICU_SelectEdge
 .text.Timer1_ICU_SetCallBack
                0x00000c86        0xa MCAL/Timer.o
                0x00000c86                Timer1_ICU_SetCallBack
 .text.__vector_9
                0x00000c90       0x52 MCAL/Timer.o
                0x00000c90                __vector_9
 .text.__vector_8
                0x00000ce2       0x52 MCAL/Timer.o
                0x00000ce2                __vector_8
 .text.__vector_6
                0x00000d34       0x52 MCAL/Timer.o
                0x00000d34                __vector_6
 .text.__vector_15
                0x00000d86       0x52 MCAL/UART.o
                0x00000d86                __vector_15
 .text.__vector_13
                0x00000dd8       0x52 MCAL/UART.o
                0x00000dd8                __vector_13
 .text.libgcc.div
                0x00000e2a       0x28 c:/program files (x86)/atmel/studio/7.0/toolchain/avr8/avr8-gnu-toolchain/bin/../lib/gcc/avr/5.4.0/avr5\libgcc.a(_udivmodhi4.o)
                0x00000e2a                __udivmodhi4
 .text.libgcc.div
                0x00000e52       0x28 c:/program files (x86)/atmel/studio/7.0/toolchain/avr8/avr8-gnu-toolchain/bin/../lib/gcc/avr/5.4.0/avr5\libgcc.a(_divmodhi4.o)
                0x00000e52                _div
                0x00000e52                __divmodhi4
 .text.libgcc.div
                0x00000e7a       0x44 c:/program files (x86)/atmel/studio/7.0/toolchain/avr8/avr8-gnu-toolchain/bin/../lib/gcc/avr/5.4.0/avr5\libgcc.a(_udivmodsi4.o)
                0x00000e7a                __udivmodsi4
 .text.libgcc.div
                0x00000ebe       0x2e c:/program files (x86)/atmel/studio/7.0/toolchain/avr8/avr8-gnu-toolchain/bin/../lib/gcc/avr/5.4.0/avr5\libgcc.a(_divmodsi4.o)
                0x00000ebe                __divmodsi4
 .text.libgcc.div
                0x00000eec       0x10 c:/program files (x86)/atmel/studio/7.0/toolchain/avr8/avr8-gnu-toolchain/bin/../lib/gcc/avr/5.4.0/avr5\libgcc.a(_negsi2.o)
                0x00000eec                __negsi2
                0x00000efc                . = ALIGN (0x2)
 *(.fini9)
 .fini9         0x00000efc        0x0 c:/program files (x86)/atmel/studio/7.0/toolchain/avr8/avr8-gnu-toolchain/bin/../lib/gcc/avr/5.4.0/avr5\libgcc.a(_exit.o)
                0x00000efc                _exit
                0x00000efc                exit
 *(.fini9)
 *(.fini8)
 *(.fini8)
 *(.fini7)
 *(.fini7)
 *(.fini6)
 *(.fini6)
 *(.fini5)
 *(.fini5)
 *(.fini4)
 *(.fini4)
 *(.fini3)
 *(.fini3)
 *(.fini2)
 *(.fini2)
 *(.fini1)
 *(.fini1)
 *(.fini0)
 .fini0         0x00000efc        0x4 c:/program files (x86)/atmel/studio/7.0/toolchain/avr8/avr8-gnu-toolchain/bin/../lib/gcc/avr/5.4.0/avr5\libgcc.a(_exit.o)
 *(.fini0)
                0x00000f00                _etext = .

.data           0x00800060       0x38 load address 0x00000f00
                0x00800060                PROVIDE (__data_start, .)
 *(.data)
 *(.data*)
 .data.xNextTaskUnblockTime
                0x00800060        0x2 FreeRTOS/tasks.o
 *(.gnu.linkonce.d*)
 *(.rodata)
 *(.rodata*)
 .rodata.str1.1
                0x00800062       0x15 main.o
 .rodata.arr    0x00800077       0x20 MCAL/DIO_cfg.o
                0x00800077                arr
 *(.gnu.linkonce.r*)
                0x00800098                . = ALIGN (0x2)
 *fill*         0x00800097        0x1 
                0x00800098                _edata = .
                0x00800098                PROVIDE (__data_end, .)

.bss            0x00800098       0x48
                0x00800098                PROVIDE (__bss_start, .)
 *(.bss)
 *(.bss*)
 .bss.xNumOfOverflows
                0x00800098        0x1 FreeRTOS/tasks.o
 .bss.xMissedYield
                0x00800099        0x1 FreeRTOS/tasks.o
 .bss.uxMissedTicks
                0x0080009a        0x1 FreeRTOS/tasks.o
 .bss.uxSchedulerSuspended
                0x0080009b        0x1 FreeRTOS/tasks.o
 .bss.uxTopReadyPriority
                0x0080009c        0x1 FreeRTOS/tasks.o
 .bss.xTickCount
                0x0080009d        0x2 FreeRTOS/tasks.o
 .bss.pxOverflowDelayedTaskList
                0x0080009f        0x2 FreeRTOS/tasks.o
 .bss.pxDelayedTaskList
                0x008000a1        0x2 FreeRTOS/tasks.o
 .bss.pxReadyTasksLists
                0x008000a3       0x24 FreeRTOS/tasks.o
 .bss.pxCurrentTCB
                0x008000c7        0x2 FreeRTOS/tasks.o
                0x008000c7                pxCurrentTCB
 .bss.t2        0x008000c9        0x2 HAL/UltraSonic.o
 .bss.t1        0x008000cb        0x2 HAL/UltraSonic.o
 .bss.flag      0x008000cd        0x1 HAL/UltraSonic.o
 .bss.INT2_Fptr
                0x008000ce        0x2 MCAL/EX_Interrupt.o
                0x008000ce                INT2_Fptr
 .bss.INT1_Fptr
                0x008000d0        0x2 MCAL/EX_Interrupt.o
                0x008000d0                INT1_Fptr
 .bss.INT0_Fptr
                0x008000d2        0x2 MCAL/EX_Interrupt.o
                0x008000d2                INT0_Fptr
 .bss.Timer1_ICU_Fptr
                0x008000d4        0x2 MCAL/Timer.o
 .bss.Timer1_OCB_Fptr
                0x008000d6        0x2 MCAL/Timer.o
 .bss.Timer1_OVF_Fptr
                0x008000d8        0x2 MCAL/Timer.o
 .bss.globalTimer0_fptr
                0x008000da        0x2 MCAL/Timer.o
                0x008000da                globalTimer0_fptr
 .bss.UART_TX_Fptr
                0x008000dc        0x2 MCAL/UART.o
 .bss.UART_RX_Fptr
                0x008000de        0x2 MCAL/UART.o
 *(COMMON)
                0x008000e0                PROVIDE (__bss_end, .)
                0x00000f00                __data_load_start = LOADADDR (.data)
                0x00000f38                __data_load_end = (__data_load_start + SIZEOF (.data))

.noinit         0x008000e0        0x0
                [!provide]                PROVIDE (__noinit_start, .)
 *(.noinit*)
                [!provide]                PROVIDE (__noinit_end, .)
                0x008000e0                _end = .
                [!provide]                PROVIDE (__heap_start, .)

.eeprom         0x00810000        0x0
 *(.eeprom*)
                0x00810000                __eeprom_end = .

.fuse
 *(.fuse)
 *(.lfuse)
 *(.hfuse)
 *(.efuse)

.lock
 *(.lock*)

.signature
 *(.signature*)

.user_signatures
 *(.user_signatures*)

.stab
 *(.stab)

.stabstr
 *(.stabstr)

.stab.excl
 *(.stab.excl)

.stab.exclstr
 *(.stab.exclstr)

.stab.index
 *(.stab.index)

.stab.indexstr
 *(.stab.indexstr)

.comment        0x00000000       0x30
 *(.comment)
 .comment       0x00000000       0x30 FreeRTOS/list.o
                                 0x31 (size before relaxing)
 .comment       0x00000030       0x31 FreeRTOS/port.o
 .comment       0x00000030       0x31 FreeRTOS/tasks.o
 .comment       0x00000030       0x31 HAL/LCD.o
 .comment       0x00000030       0x31 HAL/UltraSonic.o
 .comment       0x00000030       0x31 main.o
 .comment       0x00000030       0x31 MCAL/DIO.o
 .comment       0x00000030       0x31 MCAL/DIO_cfg.o
 .comment       0x00000030       0x31 MCAL/EX_Interrupt.o
 .comment       0x00000030       0x31 MCAL/Timer.o
 .comment       0x00000030       0x31 MCAL/UART.o

.note.gnu.avr.deviceinfo
                0x00000000       0x3c
 .note.gnu.avr.deviceinfo
                0x00000000       0x3c C:/Program Files (x86)/Atmel/Studio/7.0/Packs/atmel/ATmega_DFP/1.7.374/gcc/dev/atmega32/avr5/crtatmega32.o

.note.gnu.build-id
 *(.note.gnu.build-id)

.debug
 *(.debug)

.line
 *(.line)

.debug_srcinfo
 *(.debug_srcinfo)

.debug_sfnames
 *(.debug_sfnames)

.debug_aranges
 *(.debug_aranges)

.debug_pubnames
 *(.debug_pubnames)

.debug_info     0x00000000      0x4e6
 *(.debug_info .gnu.linkonce.wi.*)
 .debug_info    0x00000000      0x4e6 C:/Program Files (x86)/Atmel/Studio/7.0/Packs/atmel/ATmega_DFP/1.7.374/gcc/dev/atmega32/avr5/crtatmega32.o

.debug_abbrev   0x00000000      0x4a3
 *(.debug_abbrev)
 .debug_abbrev  0x00000000      0x4a3 C:/Program Files (x86)/Atmel/Studio/7.0/Packs/atmel/ATmega_DFP/1.7.374/gcc/dev/atmega32/avr5/crtatmega32.o

.debug_line     0x00000000      0x116
 *(.debug_line .debug_line.* .debug_line_end)
 .debug_line    0x00000000      0x116 C:/Program Files (x86)/Atmel/Studio/7.0/Packs/atmel/ATmega_DFP/1.7.374/gcc/dev/atmega32/avr5/crtatmega32.o

.debug_frame
 *(.debug_frame)

.debug_str      0x00000000      0x196
 *(.debug_str)
 .debug_str     0x00000000      0x196 C:/Program Files (x86)/Atmel/Studio/7.0/Packs/atmel/ATmega_DFP/1.7.374/gcc/dev/atmega32/avr5/crtatmega32.o

.debug_loc
 *(.debug_loc)

.debug_macinfo
 *(.debug_macinfo)

.debug_weaknames
 *(.debug_weaknames)

.debug_funcnames
 *(.debug_funcnames)

.debug_typenames
 *(.debug_typenames)

.debug_varnames
 *(.debug_varnames)

.debug_pubtypes
 *(.debug_pubtypes)

.debug_ranges
 *(.debug_ranges)

.debug_macro
 *(.debug_macro)
OUTPUT(ALLinOne.elf elf32-avr)
LOAD linker stubs
